ARM Linker, 5.03 [Build 24] [MDK-ARM Professional]

==============================================================================

Section Cross References

    system_stm32f10x.o(i.SystemCoreClockUpdate) refers to system_stm32f10x.o(.data) for .data
    system_stm32f10x.o(i.SystemInit) refers to system_stm32f10x.o(i.SetSysClockTo72) for SetSysClockTo72
    startup_stm32f10x_hd.o(STACK) refers (Special) to heapauxi.o(.text) for __use_two_region_memory
    startup_stm32f10x_hd.o(HEAP) refers (Special) to heapauxi.o(.text) for __use_two_region_memory
    startup_stm32f10x_hd.o(RESET) refers (Special) to heapauxi.o(.text) for __use_two_region_memory
    startup_stm32f10x_hd.o(RESET) refers to startup_stm32f10x_hd.o(STACK) for __initial_sp
    startup_stm32f10x_hd.o(RESET) refers to startup_stm32f10x_hd.o(.text) for Reset_Handler
    startup_stm32f10x_hd.o(RESET) refers to externalintwithgpu.o(i.EXTI9_5_IRQHandler) for EXTI9_5_IRQHandler
    startup_stm32f10x_hd.o(RESET) refers to timer.o(i.TIM2_IRQHandler) for TIM2_IRQHandler
    startup_stm32f10x_hd.o(RESET) refers to timer.o(i.TIM3_IRQHandler) for TIM3_IRQHandler
    startup_stm32f10x_hd.o(RESET) refers to dbg_uart.o(i.USART1_IRQHandler) for USART1_IRQHandler
    startup_stm32f10x_hd.o(.text) refers (Special) to heapauxi.o(.text) for __use_two_region_memory
    startup_stm32f10x_hd.o(.text) refers to system_stm32f10x.o(i.SystemInit) for SystemInit
    startup_stm32f10x_hd.o(.text) refers to __main.o(!!!main) for __main
    startup_stm32f10x_hd.o(.text) refers to startup_stm32f10x_hd.o(HEAP) for Heap_Mem
    startup_stm32f10x_hd.o(.text) refers to startup_stm32f10x_hd.o(STACK) for Stack_Mem
    stm32f10x_gpio.o(i.GPIO_AFIODeInit) refers to stm32f10x_rcc.o(i.RCC_APB2PeriphResetCmd) for RCC_APB2PeriphResetCmd
    stm32f10x_gpio.o(i.GPIO_DeInit) refers to stm32f10x_rcc.o(i.RCC_APB2PeriphResetCmd) for RCC_APB2PeriphResetCmd
    stm32f10x_rcc.o(i.RCC_GetClocksFreq) refers to stm32f10x_rcc.o(.data) for .data
    stm32f10x_rcc.o(i.RCC_WaitForHSEStartUp) refers to stm32f10x_rcc.o(i.RCC_GetFlagStatus) for RCC_GetFlagStatus
    stm32f10x_tim.o(i.TIM_DeInit) refers to stm32f10x_rcc.o(i.RCC_APB1PeriphResetCmd) for RCC_APB1PeriphResetCmd
    stm32f10x_tim.o(i.TIM_DeInit) refers to stm32f10x_rcc.o(i.RCC_APB2PeriphResetCmd) for RCC_APB2PeriphResetCmd
    stm32f10x_tim.o(i.TIM_ETRClockMode1Config) refers to stm32f10x_tim.o(i.TIM_ETRConfig) for TIM_ETRConfig
    stm32f10x_tim.o(i.TIM_ETRClockMode2Config) refers to stm32f10x_tim.o(i.TIM_ETRConfig) for TIM_ETRConfig
    stm32f10x_tim.o(i.TIM_ICInit) refers to stm32f10x_tim.o(i.TI1_Config) for TI1_Config
    stm32f10x_tim.o(i.TIM_ICInit) refers to stm32f10x_tim.o(i.TIM_SetIC1Prescaler) for TIM_SetIC1Prescaler
    stm32f10x_tim.o(i.TIM_ICInit) refers to stm32f10x_tim.o(i.TI2_Config) for TI2_Config
    stm32f10x_tim.o(i.TIM_ICInit) refers to stm32f10x_tim.o(i.TIM_SetIC2Prescaler) for TIM_SetIC2Prescaler
    stm32f10x_tim.o(i.TIM_ICInit) refers to stm32f10x_tim.o(i.TIM_SetIC3Prescaler) for TIM_SetIC3Prescaler
    stm32f10x_tim.o(i.TIM_ICInit) refers to stm32f10x_tim.o(i.TIM_SetIC4Prescaler) for TIM_SetIC4Prescaler
    stm32f10x_tim.o(i.TIM_ITRxExternalClockConfig) refers to stm32f10x_tim.o(i.TIM_SelectInputTrigger) for TIM_SelectInputTrigger
    stm32f10x_tim.o(i.TIM_PWMIConfig) refers to stm32f10x_tim.o(i.TI2_Config) for TI2_Config
    stm32f10x_tim.o(i.TIM_PWMIConfig) refers to stm32f10x_tim.o(i.TIM_SetIC2Prescaler) for TIM_SetIC2Prescaler
    stm32f10x_tim.o(i.TIM_PWMIConfig) refers to stm32f10x_tim.o(i.TI1_Config) for TI1_Config
    stm32f10x_tim.o(i.TIM_PWMIConfig) refers to stm32f10x_tim.o(i.TIM_SetIC1Prescaler) for TIM_SetIC1Prescaler
    stm32f10x_tim.o(i.TIM_TIxExternalClockConfig) refers to stm32f10x_tim.o(i.TI1_Config) for TI1_Config
    stm32f10x_tim.o(i.TIM_TIxExternalClockConfig) refers to stm32f10x_tim.o(i.TIM_SelectInputTrigger) for TIM_SelectInputTrigger
    stm32f10x_tim.o(i.TIM_TIxExternalClockConfig) refers to stm32f10x_tim.o(i.TI2_Config) for TI2_Config
    stm32f10x_usart.o(i.USART_DeInit) refers to stm32f10x_rcc.o(i.RCC_APB2PeriphResetCmd) for RCC_APB2PeriphResetCmd
    stm32f10x_usart.o(i.USART_DeInit) refers to stm32f10x_rcc.o(i.RCC_APB1PeriphResetCmd) for RCC_APB1PeriphResetCmd
    stm32f10x_usart.o(i.USART_Init) refers to stm32f10x_rcc.o(i.RCC_GetClocksFreq) for RCC_GetClocksFreq
    stm32f10x_adc.o(i.ADC_DeInit) refers to stm32f10x_rcc.o(i.RCC_APB2PeriphResetCmd) for RCC_APB2PeriphResetCmd
    stm32f10x_spi.o(i.I2S_Init) refers to stm32f10x_rcc.o(i.RCC_GetClocksFreq) for RCC_GetClocksFreq
    stm32f10x_spi.o(i.SPI_I2S_DeInit) refers to stm32f10x_rcc.o(i.RCC_APB2PeriphResetCmd) for RCC_APB2PeriphResetCmd
    stm32f10x_spi.o(i.SPI_I2S_DeInit) refers to stm32f10x_rcc.o(i.RCC_APB1PeriphResetCmd) for RCC_APB1PeriphResetCmd
    main.o(i.KeyAuto_Process) refers to lcd240x320.o(i.LCD_ShowString) for LCD_ShowString
    main.o(i.KeyAuto_Process) refers to main.o(.data) for .data
[...]
    lc_hextab                                0x08012e54   Data          20  _printf_hex_int.o(.constdata)
    .data                                    0x20000000   Section       20  stm32f10x_rcc.o(.data)
    ADCPrescTable                            0x20000000   Data           4  stm32f10x_rcc.o(.data)
    APBAHBPrescTable                         0x20000004   Data          16  stm32f10x_rcc.o(.data)
    .data                                    0x20000014   Section       20  main.o(.data)
    .data                                    0x20000028   Section       14  timer.o(.data)
    .data                                    0x20000038   Section        4  user_config.o(.data)
    .data                                    0x2000003c   Section        4  redef_print.o(.data)
    .data                                    0x20000040   Section        8  dbg_uart.o(.data)
    .data                                    0x20000048   Section     1520  font.o(.data)
    .data                                    0x20000638   Section        4  lcd240x320.o(.data)
    .data                                    0x2000063c   Section        8  gpu_cfg.o(.data)
    .data                                    0x20000644   Section        1  externalintwithgpu.o(.data)
    .data                                    0x20000646   Section        4  sd.o(.data)
    .data                                    0x2000064c   Section       28  fat32sys_forfastfiforead.o(.data)
    .data                                    0x20000668   Section        8  gpu_spi_flash_cfg.o(.data)
    .bss                                     0x20000670   Section      640  dbg_uart.o(.bss)
    .bss                                     0x200008f0   Section      400  gpu_cfg.o(.bss)
    .bss                                     0x20000a80   Section     4176  fat32sys_forfastfiforead.o(.bss)
    .bss                                     0x20001ad0   Section      640  gpu_spi_flash_cfg.o(.bss)
    .bss                                     0x20001d50   Section      228  rand.o(.bss)
    .bss                                     0x20001e34   Section       96  libspace.o(.bss)
    HEAP                                     0x20001e98   Section      512  startup_stm32f10x_hd.o(HEAP)
    Heap_Mem                                 0x20001e98   Data         512  startup_stm32f10x_hd.o(HEAP)
    STACK                                    0x20002098   Section     1024  startup_stm32f10x_hd.o(STACK)
    Stack_Mem                                0x20002098   Data        1024  startup_stm32f10x_hd.o(STACK)
    __initial_sp                             0x20002498   Data           0  startup_stm32f10x_hd.o(STACK)

    Global Symbols

    Symbol Name                              Value     Ov Type        Size  Object(Section)

    BuildAttributes$$THM_ISAv4$P$D$K$B$S$PE$A:L22UL41UL21$X:L11$S22US41US21$IEEE1$IW$USESV6$~STKCKD$USESV7$~SHL$OSPACE$ROPI$EBA8$UX$STANDARDLIB$REQ8$PRES8$EABIv2 0x00000000   Number         0  anon$$obj.o ABSOLUTE
    __ARM_use_no_argv                        0x00000000   Number         0  main.o ABSOLUTE
    __ARM_exceptions_init                     - Undefined Weak Reference
    __alloca_initialize                       - Undefined Weak Reference
    __cpp_initialize__aeabi_                  - Undefined Weak Reference
    __cxa_finalize                            - Undefined Weak Reference
    __rt_locale                               - Undefined Weak Reference
    __sigvec_lookup                           - Undefined Weak Reference
    _atexit_init                              - Undefined Weak Reference
    _call_atexit_fns                          - Undefined Weak Reference
    _clock_init                               - Undefined Weak Reference
    _fp_trap_init                             - Undefined Weak Reference
    _fp_trap_shutdown                         - Undefined Weak Reference
    _get_lc_collate                           - Undefined Weak Reference
    _get_lc_ctype                             - Undefined Weak Reference
    _get_lc_monetary                          - Undefined Weak Reference
    _get_lc_numeric                           - Undefined Weak Reference
    _get_lc_time                              - Undefined Weak Reference
    _getenv_init                              - Undefined Weak Reference
    _handle_redirection                       - Undefined Weak Reference
    _init_alloc                               - Undefined Weak Reference
    _init_user_alloc                          - Undefined Weak Reference
    _initio                                   - Undefined Weak Reference
    _mutex_acquire                            - Undefined Weak Reference
    _mutex_release                            - Undefined Weak Reference
    _printf_post_padding                      - Undefined Weak Reference
    _printf_pre_padding                       - Undefined Weak Reference
    _printf_truncate_signed                   - Undefined Weak Reference
    _printf_truncate_unsigned                 - Undefined Weak Reference
    _signal_finish                            - Undefined Weak Reference
    _signal_init                              - Undefined Weak Reference
    _terminate_alloc                          - Undefined Weak Reference
    _terminate_user_alloc                     - Undefined Weak Reference
    _terminateio                              - Undefined Weak Reference
    __Vectors_Size                           0x00000130   Number         0  startup_stm32f10x_hd.o ABSOLUTE
    __Vectors                                0x08000000   Data           4  startup_stm32f10x_hd.o(RESET)
    __Vectors_End                            0x08000130   Data           0  startup_stm32f10x_hd.o(RESET)
    __main                                   0x08000131   Thumb Code     8  __main.o(!!!main)
    __scatterload                            0x08000139   Thumb Code     0  __scatter.o(!!!scatter)
    __scatterload_rt2                        0x08000139   Thumb Code    44  __scatter.o(!!!scatter)
    __scatterload_rt2_thumb_only             0x08000139   Thumb Code     0  __scatter.o(!!!scatter)
    __scatterload_null                       0x08000147   Thumb Code     0  __scatter.o(!!!scatter)
    __decompress                             0x0800016d   Thumb Code    90  __dczerorl2.o(!!dczerorl2)
    __decompress1                            0x0800016d   Thumb Code     0  __dczerorl2.o(!!dczerorl2)
    __scatterload_zeroinit                   0x080001c9   Thumb Code    28  __scatter_zi.o(!!handler_zi)
    _printf_d                                0x080001e5   Thumb Code     0  _printf_d.o(.ARM.Collect$$_printf_percent$$00000009)
    _printf_percent                          0x080001e5   Thumb Code     0  _printf_percent.o(.ARM.Collect$$_printf_percent$$00000000)
    _printf_x                                0x080001eb   Thumb Code     0  _printf_x.o(.ARM.Collect$$_printf_percent$$0000000C)
    _printf_percent_end                      0x080001f1   Thumb Code     0  _printf_percent_end.o(.ARM.Collect$$_printf_percent$$00000017)
    __rt_lib_init                            0x080001f5   Thumb Code     0  libinit.o(.ARM.Collect$$libinit$$00000000)
    __rt_lib_init_fp_1                       0x080001f7   Thumb Code     0  libinit2.o(.ARM.Collect$$libinit$$00000002)
    __rt_lib_init_heap_1                     0x080001f7   Thumb Code     0  libinit2.o(.ARM.Collect$$libinit$$00000008)
    __rt_lib_init_rand_2                     0x080001f7   Thumb Code     0  libinit2.o(.ARM.Collect$$libinit$$0000000B)
    __rt_lib_init_user_alloc_1               0x080001f7   Thumb Code     0  libinit2.o(.ARM.Collect$$libinit$$0000000A)
    __rt_lib_init_alloca_1                   0x080001fb   Thumb Code     0  libinit2.o(.ARM.Collect$$libinit$$0000002C)
    __rt_lib_init_argv_1                     0x080001fb   Thumb Code     0  libinit2.o(.ARM.Collect$$libinit$$0000002A)
    __rt_lib_init_atexit_1                   0x080001fb   Thumb Code     0  libinit2.o(.ARM.Collect$$libinit$$00000019)
    __rt_lib_init_clock_1                    0x080001fb   Thumb Code     0  libinit2.o(.ARM.Collect$$libinit$$0000001F)
    __rt_lib_init_cpp_1                      0x080001fb   Thumb Code     0  libinit2.o(.ARM.Collect$$libinit$$00000030)
    __rt_lib_init_exceptions_1               0x080001fb   Thumb Code     0  libinit2.o(.ARM.Collect$$libinit$$0000002E)
    __rt_lib_init_fp_trap_1                  0x080001fb   Thumb Code     0  libinit2.o(.ARM.Collect$$libinit$$0000001D)
    __rt_lib_init_getenv_1                   0x080001fb   Thumb Code     0  libinit2.o(.ARM.Collect$$libinit$$00000021)
    __rt_lib_init_lc_collate_1               0x080001fb   Thumb Code     0  libinit2.o(.ARM.Collect$$libinit$$0000000F)
    __rt_lib_init_lc_ctype_1                 0x080001fb   Thumb Code     0  libinit2.o(.ARM.Collect$$libinit$$00000011)
    __rt_lib_init_lc_monetary_1              0x080001fb   Thumb Code     0  libinit2.o(.ARM.Collect$$libinit$$00000013)
    __rt_lib_init_lc_numeric_1               0x080001fb   Thumb Code     0  libinit2.o(.ARM.Collect$$libinit$$00000015)
    __rt_lib_init_lc_time_1                  0x080001fb   Thumb Code     0  libinit2.o(.ARM.Collect$$libinit$$00000017)
    __rt_lib_init_rand_1                     0x080001fb   Thumb Code     0  libinit2.o(.ARM.Collect$$libinit$$0000000C)
    __rt_lib_init_return                     0x080001fb   Thumb Code     0  libinit2.o(.ARM.Collect$$libinit$$00000031)
    __rt_lib_init_signal_1                   0x080001fb   Thumb Code     0  libinit2.o(.ARM.Collect$$libinit$$0000001B)
    __rt_lib_init_stdio_1                    0x080001fb   Thumb Code     0  libinit2.o(.ARM.Collect$$libinit$$00000023)
    __rt_lib_shutdown                        0x080001fd   Thumb Code     0  libshutdown.o(.ARM.Collect$$libshutdown$$00000000)
    __rt_lib_shutdown_fp_trap_1              0x080001ff   Thumb Code     0  libshutdown2.o(.ARM.Collect$$libshutdown$$00000006)
    __rt_lib_shutdown_heap_1                 0x080001ff   Thumb Code     0  libshutdown2.o(.ARM.Collect$$libshutdown$$0000000E)
    __rt_lib_shutdown_return                 0x080001ff   Thumb Code     0  libshutdown2.o(.ARM.Collect$$libshutdown$$0000000F)
    __rt_lib_shutdown_signal_1               0x080001ff   Thumb Code     0  libshutdown2.o(.ARM.Collect$$libshutdown$$00000009)
    __rt_lib_shutdown_stdio_1                0x080001ff   Thumb Code     0  libshutdown2.o(.ARM.Collect$$libshutdown$$00000003)
    __rt_lib_shutdown_user_alloc_1           0x080001ff   Thumb Code     0  libshutdown2.o(.ARM.Collect$$libshutdown$$0000000B)
    __rt_entry                               0x08000201   Thumb Code     0  rtentry.o(.ARM.Collect$$rtentry$$00000000)
    __rt_entry_presh_1                       0x08000201   Thumb Code     0  rtentry2.o(.ARM.Collect$$rtentry$$00000002)
    __rt_entry_sh                            0x08000201   Thumb Code     0  rtentry4.o(.ARM.Collect$$rtentry$$00000004)
    __rt_entry_li                            0x08000207   Thumb Code     0  rtentry2.o(.ARM.Collect$$rtentry$$0000000A)
    __rt_entry_postsh_1                      0x08000207   Thumb Code     0  rtentry2.o(.ARM.Collect$$rtentry$$00000009)
    __rt_entry_main                          0x0800020b   Thumb Code     0  rtentry2.o(.ARM.Collect$$rtentry$$0000000D)
    __rt_entry_postli_1                      0x0800020b   Thumb Code     0  rtentry2.o(.ARM.Collect$$rtentry$$0000000C)
    __rt_exit                                0x08000213   Thumb Code     0  rtexit.o(.ARM.Collect$$rtexit$$00000000)
    __rt_exit_ls                             0x08000215   Thumb Code     0  rtexit2.o(.ARM.Collect$$rtexit$$00000003)
    __rt_exit_prels_1                        0x08000215   Thumb Code     0  rtexit2.o(.ARM.Collect$$rtexit$$00000002)
    __rt_exit_exit                           0x08000219   Thumb Code     0  rtexit2.o(.ARM.Collect$$rtexit$$00000004)
    rand                                     0x08000221   Thumb Code    48  rand.o(.emb_text)
    Reset_Handler                            0x08000255   Thumb Code     8  startup_stm32f10x_hd.o(.text)
    NMI_Handler                              0x0800025d   Thumb Code     2  startup_stm32f10x_hd.o(.text)
    HardFault_Handler                        0x0800025f   Thumb Code     2  startup_stm32f10x_hd.o(.text)
    MemManage_Handler                        0x08000261   Thumb Code     2  startup_stm32f10x_hd.o(.text)
    BusFault_Handler                         0x08000263   Thumb Code     2  startup_stm32f10x_hd.o(.text)
    UsageFault_Handler                       0x08000265   Thumb Code     2  startup_stm32f10x_hd.o(.text)
    SVC_Handler                              0x08000267   Thumb Code     2  startup_stm32f10x_hd.o(.text)
    DebugMon_Handler                         0x08000269   Thumb Code     2  startup_stm32f10x_hd.o(.text)
    PendSV_Handler                           0x0800026b   Thumb Code     2  startup_stm32f10x_hd.o(.text)
    SysTick_Handler                          0x0800026d   Thumb Code     2  startup_stm32f10x_hd.o(.text)
    ADC1_2_IRQHandler                        0x0800026f   Thumb Code     0  startup_stm32f10x_hd.o(.text)
    ADC3_IRQHandler                          0x0800026f   Thumb Code     0  startup_stm32f10x_hd.o(.text)
    CAN1_RX1_IRQHandler                      0x0800026f   Thumb Code     0  startup_stm32f10x_hd.o(.text)
    CAN1_SCE_IRQHandler                      0x0800026f   Thumb Code     0  startup_stm32f10x_hd.o(.text)
    DMA1_Channel1_IRQHandler                 0x0800026f   Thumb Code     0  startup_stm32f10x_hd.o(.text)
    DMA1_Channel2_IRQHandler                 0x0800026f   Thumb Code     0  startup_stm32f10x_hd.o(.text)
    DMA1_Channel3_IRQHandler                 0x0800026f   Thumb Code     0  startup_stm32f10x_hd.o(.text)
    DMA1_Channel4_IRQHandler                 0x0800026f   Thumb Code     0  startup_stm32f10x_hd.o(.text)
    DMA1_Channel5_IRQHandler                 0x0800026f   Thumb Code     0  startup_stm32f10x_hd.o(.text)
    DMA1_Channel6_IRQHandler                 0x0800026f   Thumb Code     0  startup_stm32f10x_hd.o(.text)
    DMA1_Channel7_IRQHandler                 0x0800026f   Thumb Code     0  startup_stm32f10x_hd.o(.text)
    DMA2_Channel1_IRQHandler                 0x0800026f   Thumb Code     0  startup_stm32f10x_hd.o(.text)
    DMA2_Channel2_IRQHandler                 0x0800026f   Thumb Code     0  startup_stm32f10x_hd.o(.text)
    DMA2_Channel3_IRQHandler                 0x0800026f   Thumb Code     0  startup_stm32f10x_hd.o(.text)
    DMA2_Channel4_5_IRQHandler               0x0800026f   Thumb Code     0  startup_stm32f10x_hd.o(.text)
    EXTI0_IRQHandler                         0x0800026f   Thumb Code     0  startup_stm32f10x_hd.o(.text)
    EXTI15_10_IRQHandler                     0x0800026f   Thumb Code     0  startup_stm32f10x_hd.o(.text)
    EXTI1_IRQHandler                         0x0800026f   Thumb Code     0  startup_stm32f10x_hd.o(.text)
    EXTI2_IRQHandler                         0x0800026f   Thumb Code     0  startup_stm32f10x_hd.o(.text)
    EXTI3_IRQHandler                         0x0800026f   Thumb Code     0  startup_stm32f10x_hd.o(.text)
    EXTI4_IRQHandler                         0x0800026f   Thumb Code     0  startup_stm32f10x_hd.o(.text)
    FLASH_IRQHandler                         0x0800026f   Thumb Code     0  startup_stm32f10x_hd.o(.text)
    FSMC_IRQHandler                          0x0800026f   Thumb Code     0  startup_stm32f10x_hd.o(.text)
    I2C1_ER_IRQHandler                       0x0800026f   Thumb Code     0  startup_stm32f10x_hd.o(.text)
    I2C1_EV_IRQHandler                       0x0800026f   Thumb Code     0  startup_stm32f10x_hd.o(.text)
    I2C2_ER_IRQHandler                       0x0800026f   Thumb Code     0  startup_stm32f10x_hd.o(.text)
    I2C2_EV_IRQHandler                       0x0800026f   Thumb Code     0  startup_stm32f10x_hd.o(.text)
    PVD_IRQHandler                           0x0800026f   Thumb Code     0  startup_stm32f10x_hd.o(.text)
    RCC_IRQHandler                           0x0800026f   Thumb Code     0  startup_stm32f10x_hd.o(.text)
    RTCAlarm_IRQHandler                      0x0800026f   Thumb Code     0  startup_stm32f10x_hd.o(.text)
    RTC_IRQHandler                           0x0800026f   Thumb Code     0  startup_stm32f10x_hd.o(.text)
    SDIO_IRQHandler                          0x0800026f   Thumb Code     0  startup_stm32f10x_hd.o(.text)
    SPI1_IRQHandler                          0x0800026f   Thumb Code     0  startup_stm32f10x_hd.o(.text)
    SPI2_IRQHandler                          0x0800026f   Thumb Code     0  startup_stm32f10x_hd.o(.text)
    SPI3_IRQHandler                          0x0800026f   Thumb Code     0  startup_stm32f10x_hd.o(.text)
    TAMPER_IRQHandler                        0x0800026f   Thumb Code     0  startup_stm32f10x_hd.o(.text)
    TIM1_BRK_IRQHandler                      0x0800026f   Thumb Code     0  startup_stm32f10x_hd.o(.text)
    TIM1_CC_IRQHandler                       0x0800026f   Thumb Code     0  startup_stm32f10x_hd.o(.text)
    TIM1_TRG_COM_IRQHandler                  0x0800026f   Thumb Code     0  startup_stm32f10x_hd.o(.text)
    TIM1_UP_IRQHandler                       0x0800026f   Thumb Code     0  startup_stm32f10x_hd.o(.text)
    TIM4_IRQHandler                          0x0800026f   Thumb Code     0  startup_stm32f10x_hd.o(.text)
    TIM5_IRQHandler                          0x0800026f   Thumb Code     0  startup_stm32f10x_hd.o(.text)
    TIM6_IRQHandler                          0x0800026f   Thumb Code     0  startup_stm32f10x_hd.o(.text)
    TIM7_IRQHandler                          0x0800026f   Thumb Code     0  startup_stm32f10x_hd.o(.text)
    TIM8_BRK_IRQHandler                      0x0800026f   Thumb Code     0  startup_stm32f10x_hd.o(.text)
    TIM8_CC_IRQHandler                       0x0800026f   Thumb Code     0  startup_stm32f10x_hd.o(.text)
    TIM8_TRG_COM_IRQHandler                  0x0800026f   Thumb Code     0  startup_stm32f10x_hd.o(.text)
    TIM8_UP_IRQHandler                       0x0800026f   Thumb Code     0  startup_stm32f10x_hd.o(.text)
    UART4_IRQHandler                         0x0800026f   Thumb Code     0  startup_stm32f10x_hd.o(.text)
    UART5_IRQHandler                         0x0800026f   Thumb Code     0  startup_stm32f10x_hd.o(.text)
    USART2_IRQHandler                        0x0800026f   Thumb Code     0  startup_stm32f10x_hd.o(.text)
    USART3_IRQHandler                        0x0800026f   Thumb Code     0  startup_stm32f10x_hd.o(.text)
    USBWakeUp_IRQHandler                     0x0800026f   Thumb Code     0  startup_stm32f10x_hd.o(.text)
    USB_HP_CAN1_TX_IRQHandler                0x0800026f   Thumb Code     0  startup_stm32f10x_hd.o(.text)
    USB_LP_CAN1_RX0_IRQHandler               0x0800026f   Thumb Code     0  startup_stm32f10x_hd.o(.text)
    WWDG_IRQHandler                          0x0800026f   Thumb Code     0  startup_stm32f10x_hd.o(.text)
    __user_initial_stackheap                 0x08000271   Thumb Code     0  startup_stm32f10x_hd.o(.text)
    __use_no_semihosting                     0x08000295   Thumb Code     2  use_no_semi_2.o(.text)
    __2printf                                0x08000299   Thumb Code    20  noretval__2printf.o(.text)
    __printf                                 0x080002b1   Thumb Code   104  __printf.o(.text)
    _printf_int_dec                          0x08000319   Thumb Code   102  _printf_dec.o(.text)
    _printf_int_hex                          0x08000391   Thumb Code    88  _printf_hex_int.o(.text)
    _printf_longlong_hex                     0x08000391   Thumb Code     0  _printf_hex_int.o(.text)
    srand                                    0x080003ed   Thumb Code    42  rand.o(.text)
    _rand_init                               0x08000417   Thumb Code     4  rand.o(.text)
    __use_two_region_memory                  0x08000429   Thumb Code     2  heapauxi.o(.text)
    __rt_heap_escrow$2region                 0x0800042b   Thumb Code     2  heapauxi.o(.text)
    __rt_heap_expand$2region                 0x0800042d   Thumb Code     2  heapauxi.o(.text)
    __I$use$semihosting                      0x0800042f   Thumb Code     0  use_no_semi.o(.text)
    __use_no_semihosting_swi                 0x0800042f   Thumb Code     2  use_no_semi.o(.text)
    _printf_int_common                       0x08000431   Thumb Code   184  _printf_intcommon.o(.text)
    _printf_char_file                        0x080004e9   Thumb Code    32  _printf_char_file.o(.text)
    _printf_char_common                      0x08000517   Thumb Code    32  _printf_char_common.o(.text)
    ferror                                   0x0800053d   Thumb Code     8  ferror.o(.text)
    __user_setup_stackheap                   0x08000545   Thumb Code    74  sys_stackheap_outer.o(.text)
    exit                                     0x0800058f   Thumb Code    12  exit.o(.text)
    __user_libspace                          0x0800059d   Thumb Code     8  libspace.o(.text)
    __user_perproc_libspace                  0x0800059d   Thumb Code     0  libspace.o(.text)
    __user_perthread_libspace                0x0800059d   Thumb Code     0  libspace.o(.text)
    Address_set                              0x080005a5   Thumb Code    90  lcd240x320.o(i.Address_set)
    Arm_Connect_Mcu                          0x08000601   Thumb Code   380  boardandcoreinf.o(i.Arm_Connect_Mcu)
    Arm_Get_Current                          0x08000781   Thumb Code   332  boardandcoreinf.o(i.Arm_Get_Current)
    Arm_Set_BZ                               0x080008cd   Thumb Code    98  boardandcoreinf.o(i.Arm_Set_BZ)
    DBG_UART_Init                            0x08000931   Thumb Code    78  dbg_uart.o(i.DBG_UART_Init)
    DBG_UART_TxChar                          0x08000985   Thumb Code    14  dbg_uart.o(i.DBG_UART_TxChar)
    DISP_WINDOWS                             0x08000999   Thumb Code    86  lcd240x320.o(i.DISP_WINDOWS)
    Delay                                    0x080009ef   Thumb Code     4  pport_spi.o(i.Delay)
    Delay_ms                                 0x080009f3   Thumb Code     4  pport_spi.o(i.Delay_ms)
    DisableEBindingPin_OutputDriving         0x080009f9   Thumb Code    22  user_gpio_def.o(i.DisableEBindingPin_OutputDriving)
    DisableGPU_SPI_FLASH_OutputDriving       0x08000a15   Thumb Code    24  user_gpio_def.o(i.DisableGPU_SPI_FLASH_OutputDriving)
    DispHexChar                              0x08000a31   Thumb Code   128  lcd240x320.o(i.DispHexChar)
    DispNumber                               0x08000ab1   Thumb Code   118  lcd240x320.o(i.DispNumber)
    Disp_Frame                               0x08000b29   Thumb Code   148  lcd240x320.o(i.Disp_Frame)
    Disp_Window                              0x08000bc1   Thumb Code    66  lcd240x320.o(i.Disp_Window)
    DisplayBMP                               0x08000c05   Thumb Code   162  fat32sys_forfastfiforead.o(i.DisplayBMP)
    EXTI9_5_IRQHandler                       0x08000cc5   Thumb Code    30  externalintwithgpu.o(i.EXTI9_5_IRQHandler)
    EXTI_ClearITPendingBit                   0x08000ce9   Thumb Code     6  stm32f10x_exti.o(i.EXTI_ClearITPendingBit)
    EXTI_GPIO_Init                           0x08000cf5   Thumb Code    46  externalintwithgpu.o(i.EXTI_GPIO_Init)
    EXTI_GetITStatus                         0x08000d25   Thumb Code    28  stm32f10x_exti.o(i.EXTI_GetITStatus)
    EXTI_Init                                0x08000d45   Thumb Code   108  stm32f10x_exti.o(i.EXTI_Init)
    EnableEBindingPin_OutputDriving          0x08000db5   Thumb Code    28  user_gpio_def.o(i.EnableEBindingPin_OutputDriving)
    EnableGPU_SPI_FLASH_OutputDriving        0x08000dd5   Thumb Code    54  user_gpio_def.o(i.EnableGPU_SPI_FLASH_OutputDriving)
    ExtractBPB_Param                         0x08000e11   Thumb Code   148  fat32sys_forfastfiforead.o(i.ExtractBPB_Param)
    FSMC_NORSRAMCmd                          0x08000f11   Thumb Code    28  stm32f10x_fsmc.o(i.FSMC_NORSRAMCmd)
    FSMC_NORSRAMInit                         0x08000f31   Thumb Code   192  stm32f10x_fsmc.o(i.FSMC_NORSRAMInit)
    FindALLBMP_Entry                         0x08000ff1   Thumb Code   122  fat32sys_forfastfiforead.o(i.FindALLBMP_Entry)
    GPIO_Configuration                       0x08001075   Thumb Code   424  user_gpio_def.o(i.GPIO_Configuration)
    GPIO_EXTILineConfig                      0x08001235   Thumb Code    34  stm32f10x_gpio.o(i.GPIO_EXTILineConfig)
    GPIO_Init                                0x0800125d   Thumb Code   158  stm32f10x_gpio.o(i.GPIO_Init)
    GPIO_PinRemapConfig                      0x080012fd   Thumb Code    82  stm32f10x_gpio.o(i.GPIO_PinRemapConfig)
    GPIO_ReadInputDataBit                    0x08001355   Thumb Code    14  stm32f10x_gpio.o(i.GPIO_ReadInputDataBit)
    GPIO_ResetBits                           0x08001363   Thumb Code     4  stm32f10x_gpio.o(i.GPIO_ResetBits)
    GPIO_SetBits                             0x08001367   Thumb Code     4  stm32f10x_gpio.o(i.GPIO_SetBits)
    GPIO_WriteBit                            0x0800136b   Thumb Code    10  stm32f10x_gpio.o(i.GPIO_WriteBit)
    GPU_Connection_Check                     0x08001375   Thumb Code    28  gpu_cfg.o(i.GPU_Connection_Check)
    GPU_LogicWorkStatus                      0x08001395   Thumb Code    30  gpu_cfg.o(i.GPU_LogicWorkStatus)
    GPU_SPI_Config_Process                   0x080013b9   Thumb Code    84  gpu_spi_flash_cfg.o(i.GPU_SPI_Config_Process)
    GPU_set_PLL_factor                       0x08001421   Thumb Code    14  gpu_cfg.o(i.GPU_set_PLL_factor)
    GP_COMMAD_PA                             0x0800142f   Thumb Code    34  pport_spi.o(i.GP_COMMAD_PA)
    Get_GPU_DateTime                         0x08001451   Thumb Code    26  gpu_cfg.o(i.Get_GPU_DateTime)
    Get_GPU_Version                          0x08001471   Thumb Code    26  gpu_cfg.o(i.Get_GPU_Version)
    Get_Sys_Curr                             0x08001491   Thumb Code     8  boardandcoreinf.o(i.Get_Sys_Curr)
    Get_Sys_ID                               0x08001499   Thumb Code     8  boardandcoreinf.o(i.Get_Sys_ID)
    GpuSpiFlash_SectorErase                  0x080014a1   Thumb Code    52  gpu_spi_flash_cfg.o(i.GpuSpiFlash_SectorErase)
    Gpu_DisplayCfg                           0x080014d9   Thumb Code   236  gpu_cfg.o(i.Gpu_DisplayCfg)
    I_GPU_StartUpBoot_Done                   0x080015d5   Thumb Code     8  user_gpio_def.o(i.I_GPU_StartUpBoot_Done)
    I_SSD2828_SPI_SDO                        0x080015e1   Thumb Code    10  user_gpio_def.o(i.I_SSD2828_SPI_SDO)
    Init_IO                                  0x080015f1   Thumb Code     4  app.o(i.Init_IO)
    Init_System                              0x080015f5   Thumb Code   102  boardandcoreinf.o(i.Init_System)
    Initial_LCM_1080x1920_TianJi2            0x0800166d   Thumb Code   334  lcd_cfg_1080x1920_tianji2.o(i.Initial_LCM_1080x1920_TianJi2)
    KeyAuto_Process                          0x080017bd   Thumb Code    38  main.o(i.KeyAuto_Process)
    KeyDown_Process                          0x08001801   Thumb Code    82  main.o(i.KeyDown_Process)
    KeyOTP_Process                           0x08001871   Thumb Code    28  main.o(i.KeyOTP_Process)
    KeyUp_Process                            0x08001895   Thumb Code    80  main.o(i.KeyUp_Process)
    LCD_Clear                                0x08001901   Thumb Code    62  lcd240x320.o(i.LCD_Clear)
    LCD_CtrlWrite                            0x08001941   Thumb Code    74  lcd240x320.o(i.LCD_CtrlWrite)
    LCD_DataWrite                            0x08001991   Thumb Code    74  lcd240x320.o(i.LCD_DataWrite)
    LCD_DrawPoint                            0x080019e1   Thumb Code    22  lcd240x320.o(i.LCD_DrawPoint)
    LCD_Logo_Disp                            0x080019f9   Thumb Code    84  lcd240x320.o(i.LCD_Logo_Disp)
    LCD_ShowChar                             0x08001a55   Thumb Code   176  lcd240x320.o(i.LCD_ShowChar)
    LCD_ShowString                           0x08001b0d   Thumb Code    76  lcd240x320.o(i.LCD_ShowString)
    LCD_WR_DATA                              0x08001b59   Thumb Code    22  lcd240x320.o(i.LCD_WR_DATA)
    LCD_Write                                0x08001b71   Thumb Code   130  lcd240x320.o(i.LCD_Write)
    Lcd240x320_Init                          0x08001bf9   Thumb Code   552  lcd240x320.o(i.Lcd240x320_Init)
    Lcd_ShowMode                             0x08001e25   Thumb Code   562  app.o(i.Lcd_ShowMode)
    LoadLcdParameterConfig                   0x08002389   Thumb Code   184  pport_spi.o(i.LoadLcdParameterConfig)
    M25P80_Busy                              0x08002449   Thumb Code    14  m25p80.o(i.M25P80_Busy)
    M25P80_CLOSE                             0x08002459   Thumb Code    40  m25p80.o(i.M25P80_CLOSE)
    M25P80_CMD1B                             0x08002485   Thumb Code    26  m25p80.o(i.M25P80_CMD1B)
    M25P80_CMD1B_READ1B                      0x0800249f   Thumb Code    34  m25p80.o(i.M25P80_CMD1B_READ1B)
    M25P80_CMD1B_S1B                         0x080024c1   Thumb Code    34  m25p80.o(i.M25P80_CMD1B_S1B)
    M25P80_OPEN                              0x080024e5   Thumb Code   122  m25p80.o(i.M25P80_OPEN)
    M25P80_Section_Erase                     0x08002565   Thumb Code    68  m25p80.o(i.M25P80_Section_Erase)
    M25P80_WP_En                             0x080025a9   Thumb Code    28  m25p80.o(i.M25P80_WP_En)
    M25P80_Write_Bytes                       0x080025c5   Thumb Code    96  m25p80.o(i.M25P80_Write_Bytes)
    M25P80_Write_En                          0x08002625   Thumb Code    28  m25p80.o(i.M25P80_Write_En)
    MCU_GPU_FSMCConfig                       0x08002641   Thumb Code    84  mcu_gpu_fsmc.o(i.MCU_GPU_FSMCConfig)
    NVIC_Configuration                       0x08002695   Thumb Code   114  timer.o(i.NVIC_Configuration)
    NVIC_Init                                0x08002709   Thumb Code    90  misc.o(i.NVIC_Init)
    NVIC_PriorityGroupConfig                 0x0800276d   Thumb Code    10  misc.o(i.NVIC_PriorityGroupConfig)
    O_GPU_StartUpBoot_ResetN                 0x08002781   Thumb Code    18  user_gpio_def.o(i.O_GPU_StartUpBoot_ResetN)
    O_LCD240x320_CS                          0x08002799   Thumb Code    18  user_gpio_def.o(i.O_LCD240x320_CS)
    O_LCD240x320_REST                        0x080027b1   Thumb Code    18  user_gpio_def.o(i.O_LCD240x320_REST)
    O_LCD240x320_SCK                         0x080027c9   Thumb Code    18  user_gpio_def.o(i.O_LCD240x320_SCK)
    O_LCD240x320_SDI                         0x080027e1   Thumb Code    18  user_gpio_def.o(i.O_LCD240x320_SDI)
    O_M25P80_SPI_CSN                         0x080027f9   Thumb Code    18  user_gpio_def.o(i.O_M25P80_SPI_CSN)
    O_PWR_BL_EN                              0x08002811   Thumb Code    28  gpu_cfg.o(i.O_PWR_BL_EN)
    O_PWR_BL_PWM                             0x08002831   Thumb Code    18  user_gpio_def.o(i.O_PWR_BL_PWM)
    O_PWR_EN_LCDIOVCC                        0x08002849   Thumb Code    18  user_gpio_def.o(i.O_PWR_EN_LCDIOVCC)
    O_PWR_EN_LCDVCC                          0x08002861   Thumb Code    18  user_gpio_def.o(i.O_PWR_EN_LCDVCC)
    O_PWR_EN_VSN                             0x08002879   Thumb Code    28  gpu_cfg.o(i.O_PWR_EN_VSN)
    O_PWR_EN_VSP                             0x08002899   Thumb Code    28  gpu_cfg.o(i.O_PWR_EN_VSP)
    O_SSD2828_RESET                          0x080028b9   Thumb Code    18  user_gpio_def.o(i.O_SSD2828_RESET)
    O_SSD2828_SPI_CLK                        0x080028d1   Thumb Code    20  user_gpio_def.o(i.O_SSD2828_SPI_CLK)
    O_SSD2828_SPI_CS                         0x080028e9   Thumb Code    20  user_gpio_def.o(i.O_SSD2828_SPI_CS)
    O_SSD2828_SPI_SDI                        0x08002901   Thumb Code    20  user_gpio_def.o(i.O_SSD2828_SPI_SDI)
    PowerOff_Process                         0x08002919   Thumb Code    32  main.o(i.PowerOff_Process)
    PowerOn_Process                          0x08002941   Thumb Code    30  main.o(i.PowerOn_Process)
    Power_Off                                0x08002969   Thumb Code    92  power_task.o(i.Power_Off)
    Power_On                                 0x080029c5   Thumb Code   142  power_task.o(i.Power_On)
    RCC_ADCCLKConfig                         0x08002a5d   Thumb Code    14  stm32f10x_rcc.o(i.RCC_ADCCLKConfig)
    RCC_AHBPeriphClockCmd                    0x08002a71   Thumb Code    18  stm32f10x_rcc.o(i.RCC_AHBPeriphClockCmd)
    RCC_APB1PeriphClockCmd                   0x08002a89   Thumb Code    18  stm32f10x_rcc.o(i.RCC_APB1PeriphClockCmd)
    RCC_APB1PeriphResetCmd                   0x08002aa1   Thumb Code    18  stm32f10x_rcc.o(i.RCC_APB1PeriphResetCmd)
    RCC_APB2PeriphClockCmd                   0x08002ab9   Thumb Code    18  stm32f10x_rcc.o(i.RCC_APB2PeriphClockCmd)
    RCC_APB2PeriphResetCmd                   0x08002ad1   Thumb Code    18  stm32f10x_rcc.o(i.RCC_APB2PeriphResetCmd)
    RCC_Configuration                        0x08002ae9   Thumb Code    40  user_gpio_def.o(i.RCC_Configuration)
    RCC_GetClocksFreq                        0x08002b11   Thumb Code   140  stm32f10x_rcc.o(i.RCC_GetClocksFreq)
    Reset                                    0x08002bb1   Thumb Code     4  pport_spi.o(i.Reset)
    Respond                                  0x08002bb5   Thumb Code    54  gpu_spi_flash_cfg.o(i.Respond)
    SD_IP_Card_Init                          0x08002bf5   Thumb Code   250  sd.o(i.SD_IP_Card_Init)
    SD_IP_Config_Init                        0x08002d05   Thumb Code    18  sd.o(i.SD_IP_Config_Init)
    SD_IP_Send_Cmd_Has_Data                  0x08002d1d   Thumb Code   100  sd.o(i.SD_IP_Send_Cmd_Has_Data)
    SD_IP_Send_Cmd_Non_Data                  0x08002d85   Thumb Code    54  sd.o(i.SD_IP_Send_Cmd_Non_Data)
    SD_IP_Wait_Clock_Change_Done             0x08002dc1   Thumb Code    22  sd.o(i.SD_IP_Wait_Clock_Change_Done)
    SD_IP_Wait_Cmd_Done                      0x08002ddd   Thumb Code    40  sd.o(i.SD_IP_Wait_Cmd_Done)
    SD_IP_Wait_Data_Done                     0x08002e09   Thumb Code    22  sd.o(i.SD_IP_Wait_Data_Done)
    SD_IP_Wait_Status_Reg_Clear_Done         0x08002e25   Thumb Code    22  sd.o(i.SD_IP_Wait_Status_Reg_Clear_Done)
    SD_ReadDisk                              0x08002e41   Thumb Code   162  sd.o(i.SD_ReadDisk)
    SD_ReadDisk_to_FIFO                      0x08002eed   Thumb Code    42  sd.o(i.SD_ReadDisk_to_FIFO)
    SPI_2828_WrReg                           0x08002f1d   Thumb Code    26  pport_spi.o(i.SPI_2828_WrReg)
    SPI_3W_SET_Cmd                           0x08002f37   Thumb Code    82  pport_spi.o(i.SPI_3W_SET_Cmd)
    SPI_3W_SET_PAs                           0x08002f89   Thumb Code    82  pport_spi.o(i.SPI_3W_SET_PAs)
    SPI_Cmd                                  0x08002fdb   Thumb Code    20  stm32f10x_spi.o(i.SPI_Cmd)
    SPI_FLASH_SendByte                       0x08002ff1   Thumb Code    20  m25p80.o(i.SPI_FLASH_SendByte)
    SPI_Flash_EncryptBinding_Process         0x08003009   Thumb Code   662  spi_flash_bindingencrypt.o(i.SPI_Flash_EncryptBinding_Process)
    SPI_Init                                 0x080032a9   Thumb Code    56  stm32f10x_spi.o(i.SPI_Init)
    SPI_ReadData                             0x080032e1   Thumb Code    64  pport_spi.o(i.SPI_ReadData)
    SPI_WriteCmd                             0x08003321   Thumb Code     4  pport_spi.o(i.SPI_WriteCmd)
    SPI_WriteData                            0x08003325   Thumb Code     4  pport_spi.o(i.SPI_WriteData)
    SSD2828_WritePackageSize                 0x08003329   Thumb Code     4  pport_spi.o(i.SSD2828_WritePackageSize)
    Show_Curr                                0x080033d5   Thumb Code   160  gpu_cfg.o(i.Show_Curr)
    Ssd2828_ID_OK_check                      0x08003491   Thumb Code    50  pport_spi.o(i.Ssd2828_ID_OK_check)
    SysInitErrorProcess                      0x080034c5   Thumb Code    38  main.o(i.SysInitErrorProcess)
    Sys_Beep                                 0x08003509   Thumb Code    26  boardandcoreinf.o(i.Sys_Beep)
    SystemInit                               0x08003525   Thumb Code    64  system_stm32f10x.o(i.SystemInit)
    TIM2_IRQHandler                          0x08003575   Thumb Code   168  timer.o(i.TIM2_IRQHandler)
    TIM3_IRQHandler                          0x08003641   Thumb Code    30  timer.o(i.TIM3_IRQHandler)
    TIM8_PWM_Configuration                   0x08003665   Thumb Code   122  timer.o(i.TIM8_PWM_Configuration)
    TIM_ClearFlag                            0x080036e5   Thumb Code     6  stm32f10x_tim.o(i.TIM_ClearFlag)
    TIM_ClearITPendingBit                    0x080036eb   Thumb Code     6  stm32f10x_tim.o(i.TIM_ClearITPendingBit)
    TIM_Cmd                                  0x080036f1   Thumb Code    20  stm32f10x_tim.o(i.TIM_Cmd)
    TIM_CtrlPWMOutputs                       0x08003705   Thumb Code    22  stm32f10x_tim.o(i.TIM_CtrlPWMOutputs)
    TIM_DeInit                               0x0800371d   Thumb Code   304  stm32f10x_tim.o(i.TIM_DeInit)
    TIM_GetITStatus                          0x0800388d   Thumb Code    24  stm32f10x_tim.o(i.TIM_GetITStatus)
    TIM_ITConfig                             0x080038a5   Thumb Code    16  stm32f10x_tim.o(i.TIM_ITConfig)
    TIM_OC2Init                              0x080038b5   Thumb Code   120  stm32f10x_tim.o(i.TIM_OC2Init)
    TIM_OC2PreloadConfig                     0x08003935   Thumb Code    20  stm32f10x_tim.o(i.TIM_OC2PreloadConfig)
    TIM_TimeBaseInit                         0x08003949   Thumb Code   114  stm32f10x_tim.o(i.TIM_TimeBaseInit)
    Timer2_Configuration                     0x080039e5   Thumb Code    84  timer.o(i.Timer2_Configuration)
    Timer2_Enable                            0x08003a3d   Thumb Code     8  timer.o(i.Timer2_Enable)
    Timer3_Configuration                     0x08003a45   Thumb Code    70  timer.o(i.Timer3_Configuration)
    Timer3_Enable                            0x08003a91   Thumb Code     8  timer.o(i.Timer3_Enable)
    USART1_IRQHandler                        0x08003a9d   Thumb Code    34  dbg_uart.o(i.USART1_IRQHandler)
    USART_ClearFlag                          0x08003ac5   Thumb Code     6  stm32f10x_usart.o(i.USART_ClearFlag)
    USART_ClockInit                          0x08003acb   Thumb Code    30  stm32f10x_usart.o(i.USART_ClockInit)
    USART_ClockStructInit                    0x08003ae9   Thumb Code    12  stm32f10x_usart.o(i.USART_ClockStructInit)
    USART_Cmd                                0x08003af5   Thumb Code    20  stm32f10x_usart.o(i.USART_Cmd)
    USART_ITConfig                           0x08003b09   Thumb Code    48  stm32f10x_usart.o(i.USART_ITConfig)
    USART_Init                               0x08003b39   Thumb Code   176  stm32f10x_usart.o(i.USART_Init)
    Uart1RecProc                             0x08003bed   Thumb Code   122  dbg_uart.o(i.Uart1RecProc)
    Uart1SendBuffer                          0x08003c71   Thumb Code    26  dbg_uart.o(i.Uart1SendBuffer)
    VSPN_I2C_Init                            0x08003c8d   Thumb Code    30  i2c.o(i.VSPN_I2C_Init)
    VSPN_I2C_Start                           0x08003cb1   Thumb Code    60  i2c.o(i.VSPN_I2C_Start)
    VSPN_I2C_Stop                            0x08003cf1   Thumb Code    60  i2c.o(i.VSPN_I2C_Stop)
    VSPN_I2C_TestAck                         0x08003d31   Thumb Code    78  i2c.o(i.VSPN_I2C_TestAck)
    VSPN_I2C_Write8Bit                       0x08003d85   Thumb Code    78  i2c.o(i.VSPN_I2C_Write8Bit)
    VSPN_OutOn                               0x08003dd9   Thumb Code    22  vspn_ctrl.o(i.VSPN_OutOn)
    VSPN_SetVSNVoltage                       0x08003def   Thumb Code    40  vspn_ctrl.o(i.VSPN_SetVSNVoltage)
    VSPN_SetVSPVoltage                       0x08003e17   Thumb Code    40  vspn_ctrl.o(i.VSPN_SetVSPVoltage)
    Xor                                      0x08003e71   Thumb Code    24  gpu_spi_flash_cfg.o(i.Xor)
    _sys_exit                                0x08003e89   Thumb Code     2  redef_print.o(i._sys_exit)
    delayms                                  0x08003e8b   Thumb Code    30  tools.o(i.delayms)
    delayus                                  0x08003ea9   Thumb Code    30  tools.o(i.delayus)
    fputc                                    0x08003ec7   Thumb Code    14  redef_print.o(i.fputc)
    gpu_pll_count_calc                       0x08003ed5   Thumb Code    36  pll_drp_func.o(i.gpu_pll_count_calc)
    gpu_pll_divider                          0x08003ef9   Thumb Code   104  pll_drp_func.o(i.gpu_pll_divider)
    gpu_pll_filter_lookup                    0x08003f89   Thumb Code   246  pll_drp_func.o(i.gpu_pll_filter_lookup)
    gpu_pll_lock_lookup                      0x08004121   Thumb Code   280  pll_drp_func.o(i.gpu_pll_lock_lookup)
    gpu_pll_phase                            0x080042c9   Thumb Code    76  pll_drp_func.o(i.gpu_pll_phase)
    gpu_reconfig_pll                         0x0800434d   Thumb Code   196  pll_drp_func.o(i.gpu_reconfig_pll)
    gpu_round_frac                           0x08004415   Thumb Code    22  pll_drp_func.o(i.gpu_round_frac)
    init_spi                                 0x0800442b   Thumb Code    24  pport_spi.o(i.init_spi)
    lib_Asccii_2_Hex                         0x08004443   Thumb Code    68  boardandcoreinf.o(i.lib_Asccii_2_Hex)
    lib_Delay                                0x08004487   Thumb Code    12  boardandcoreinf.o(i.lib_Delay)
    lib_GetCrcSum                            0x08004495   Thumb Code    34  boardandcoreinf.o(i.lib_GetCrcSum)
    lib_Hex_2_Ascii                          0x080044bd   Thumb Code    14  boardandcoreinf.o(i.lib_Hex_2_Ascii)
    lib_SPI1_Get_MISO                        0x080044cd   Thumb Code    10  boardandcoreinf.o(i.lib_SPI1_Get_MISO)
    lib_SPI1_Init                            0x080044dd   Thumb Code    30  boardandcoreinf.o(i.lib_SPI1_Init)
    lib_SPI1_RW                              0x08004501   Thumb Code    76  boardandcoreinf.o(i.lib_SPI1_RW)
    lib_SPI1_Set_CS                          0x0800454d   Thumb Code    18  boardandcoreinf.o(i.lib_SPI1_Set_CS)
    lib_SPI1_Set_MOSI                        0x08004565   Thumb Code    20  boardandcoreinf.o(i.lib_SPI1_Set_MOSI)
    lib_SPI1_Set_SCK                         0x0800457d   Thumb Code    20  boardandcoreinf.o(i.lib_SPI1_Set_SCK)
    main                                     0x08004595   Thumb Code   238  main.o(i.main)
    opGpuSpiFlashProgramExit                 0x080046d1   Thumb Code    24  gpu_spi_flash_cfg.o(i.opGpuSpiFlashProgramExit)
    opGpuSpiFlashSectorErase                 0x080046ed   Thumb Code    32  gpu_spi_flash_cfg.o(i.opGpuSpiFlashSectorErase)
    opProgammerPage                          0x08004711   Thumb Code    48  gpu_spi_flash_cfg.o(i.opProgammerPage)
    opSetBaudRate                            0x08004745   Thumb Code    54  gpu_spi_flash_cfg.o(i.opSetBaudRate)
    op_Pattern4ColorBarGrayScaleH            0x08004781   Thumb Code   400  gpu_cfg_pattern.o(i.op_Pattern4ColorBarGrayScaleH)
    op_Pattern4ColorBarGrayScaleV            0x0800491d   Thumb Code   556  gpu_cfg_pattern.o(i.op_Pattern4ColorBarGrayScaleV)
    op_Pattern8ColorBarH_BBRGWCYM            0x08004b55   Thumb Code   202  gpu_cfg_pattern.o(i.op_Pattern8ColorBarH_BBRGWCYM)
    op_Pattern8ColorBarV_BBRGWCYM            0x08004c2d   Thumb Code   324  gpu_cfg_pattern.o(i.op_Pattern8ColorBarV_BBRGWCYM)
    op_PatternChecker_BlackWhite             0x08004d7d   Thumb Code   578  gpu_cfg_pattern.o(i.op_PatternChecker_BlackWhite)
    op_PatternColorOutline                   0x08004fcd   Thumb Code   292  gpu_cfg_pattern.o(i.op_PatternColorOutline)
    op_PatternCrosstalk_BlackWhite           0x080050fd   Thumb Code   364  gpu_cfg_pattern.o(i.op_PatternCrosstalk_BlackWhite)
    op_PatternFlickerColumnInversion         0x08005275   Thumb Code   154  gpu_cfg_pattern.o(i.op_PatternFlickerColumnInversion)
    op_PatternFlickerOneDot                  0x0800531d   Thumb Code   208  gpu_cfg_pattern.o(i.op_PatternFlickerOneDot)
    op_PatternGrayScaleH                     0x080053f9   Thumb Code   288  gpu_cfg_pattern.o(i.op_PatternGrayScaleH)
    op_PatternGrayScaleV                     0x08005525   Thumb Code   326  gpu_cfg_pattern.o(i.op_PatternGrayScaleV)
    op_PatternPureColorThroughDDR            0x08005679   Thumb Code   138  gpu_cfg_pattern.o(i.op_PatternPureColorThroughDDR)
    pat1                                     0x08005711   Thumb Code   222  main.o(i.pat1)
    pattern_WriteLineBuf256Pixel             0x08005875   Thumb Code    48  gpu_cfg_pattern.o(i.pattern_WriteLineBuf256Pixel)
    pattern_WriteLineOneDot                  0x080058ad   Thumb Code   148  gpu_cfg_pattern.o(i.pattern_WriteLineOneDot)
    pattern_checker_buf                      0x0800594d   Thumb Code   138  gpu_cfg_pattern.o(i.pattern_checker_buf)
    pattern_crosstalk_buf                    0x080059e9   Thumb Code   110  gpu_cfg_pattern.o(i.pattern_crosstalk_buf)
    pattern_grayscale_buf                    0x08005a69   Thumb Code   216  gpu_cfg_pattern.o(i.pattern_grayscale_buf)
    pattern_grayscale_wr_ddr                 0x08005b51   Thumb Code    70  gpu_cfg_pattern.o(i.pattern_grayscale_wr_ddr)
    pattern_h_8colorbar_buf                  0x08005b9d   Thumb Code   166  gpu_cfg_pattern.o(i.pattern_h_8colorbar_buf)
    pattern_h_grayscale_buf                  0x08005c55   Thumb Code   118  gpu_cfg_pattern.o(i.pattern_h_grayscale_buf)
    reset_lcd                                0x08005cdd   Thumb Code    42  pport_spi.o(i.reset_lcd)
    start_pet                                0x08005d09   Thumb Code   408  main.o(i.start_pet)
    __aeabi_d2iz                             0x08005fad   Thumb Code     0  dfix.o(x$fpl$dfix)
    _dfix                                    0x08005fad   Thumb Code    94  dfix.o(x$fpl$dfix)
    __aeabi_i2d                              0x0800600b   Thumb Code     0  dflt_clz.o(x$fpl$dflt)
    _dflt                                    0x0800600b   Thumb Code    46  dflt_clz.o(x$fpl$dflt)
    __aeabi_dmul                             0x08006039   Thumb Code     0  dmul.o(x$fpl$dmul)
    _dmul                                    0x08006039   Thumb Code   332  dmul.o(x$fpl$dmul)
    __fpl_dnaninf                            0x0800618d   Thumb Code   156  dnaninf.o(x$fpl$dnaninf)
    __fpl_dretinf                            0x08006229   Thumb Code    12  dretinf.o(x$fpl$dretinf)
    __I$use$fp                               0x08006234   Number         0  usenofp.o(x$fpl$usenofp)
    PARA_MIPI_TIANJI2_1080x1920_A            0x08006244   Data         104  user_config.o(.constdata)
    Logo_TST                                 0x080062ac   Data       50400  logoarray.o(.constdata)
    gPLL_FACTOR_Table                        0x0801278c   Data        1203  pll_freq_def.o(.constdata)
    lib_Crc16Table                           0x08012c40   Data         512  boardandcoreinf.o(.constdata)
    Region$$Table$$Base                      0x08012e68   Number         0  anon$$obj.o(Region$$Table)
    Region$$Table$$Limit                     0x08012e88   Number         0  anon$$obj.o(Region$$Table)
    K3Pressed                                0x20000014   Data           1  main.o(.data)
    ShowMode                                 0x20000015   Data           1  main.o(.data)
    AutoFlag                                 0x20000016   Data           1  main.o(.data)
    PowerStatus                              0x20000017   Data           1  main.o(.data)
    gMipiTableIndex                          0x20000018   Data           1  main.o(.data)
    KeyPowerPressed                          0x20000019   Data           1  main.o(.data)
    KeyUpPressed                             0x2000001a   Data           1  main.o(.data)
    KeyDownPressed                           0x2000001b   Data           1  main.o(.data)
    KeyAutoPressed                           0x2000001c   Data           1  main.o(.data)
    KeyOTPPressed                            0x2000001d   Data           1  main.o(.data)
    EBindingPinTrigger                       0x2000001e   Data           1  main.o(.data)
    SDCardLoaded                             0x2000001f   Data           1  main.o(.data)
    GPUAllReady                              0x20000020   Data           1  main.o(.data)
    DEV_ID                                   0x20000024   Data           4  main.o(.data)
    GPIO_KEY_SampleValue                     0x20000028   Data           2  timer.o(.data)
    GPIO_KEY_SampleValue_Pre1                0x2000002a   Data           2  timer.o(.data)
    GPIO_KEY_SampleValue_Pre2                0x2000002c   Data           2  timer.o(.data)
    GPIO_EBINDINGPIN_SampleValue             0x2000002e   Data           2  timer.o(.data)
    GPIO_EBINDINGPIN_SampleValue_Pre1        0x20000030   Data           2  timer.o(.data)
    GPIO_EBINDINGPIN_SampleValue_Pre2        0x20000032   Data           2  timer.o(.data)
    Time20msCnt                              0x20000034   Data           2  timer.o(.data)
    ptr_MIPI_TABLE                           0x20000038   Data           4  user_config.o(.data)
    __stdout                                 0x2000003c   Data           4  redef_print.o(.data)
    gUart1RecTimer                           0x20000040   Data           1  dbg_uart.o(.data)
    gUart1RecFinish                          0x20000041   Data           1  dbg_uart.o(.data)
    gUart1ProtocolDetect                     0x20000042   Data           1  dbg_uart.o(.data)
    gUart1RecBufPtr                          0x20000044   Data           2  dbg_uart.o(.data)
    gUart1RecLen                             0x20000046   Data           2  dbg_uart.o(.data)
    asc2_1608                                0x20000048   Data        1520  font.o(.data)
    BACK_COLOR                               0x20000638   Data           2  lcd240x320.o(.data)
    POINT_COLOR                              0x2000063a   Data           2  lcd240x320.o(.data)
    CURR_INDEX                               0x2000063c   Data           4  gpu_cfg.o(.data)
    CURR_DELAY                               0x20000640   Data           4  gpu_cfg.o(.data)
    GPU_Int_Pending                          0x20000644   Data           1  externalintwithgpu.o(.data)
    RCA                                      0x20000646   Data           2  sd.o(.data)
    CardCapacityStatus                       0x20000648   Data           2  sd.o(.data)
    BPB_SecPerClus                           0x2000064c   Data           1  fat32sys_forfastfiforead.o(.data)
    BPB_NumFATs                              0x2000064d   Data           1  fat32sys_forfastfiforead.o(.data)
    BPB_BytsPerSec                           0x2000064e   Data           2  fat32sys_forfastfiforead.o(.data)
    BPB_RsvdSecCnt                           0x20000650   Data           2  fat32sys_forfastfiforead.o(.data)
    Logic0_SectorIndex                       0x20000654   Data           4  fat32sys_forfastfiforead.o(.data)
    BPB_FATSz32                              0x20000658   Data           4  fat32sys_forfastfiforead.o(.data)
    BPB_RootClus                             0x2000065c   Data           4  fat32sys_forfastfiforead.o(.data)
    RootSectorIndexStart                     0x20000660   Data           4  fat32sys_forfastfiforead.o(.data)
    FAT1_SectorIndexStart                    0x20000664   Data           4  fat32sys_forfastfiforead.o(.data)
    pRespondPtr                              0x20000668   Data           4  gpu_spi_flash_cfg.o(.data)
    pRecDataPtr                              0x2000066c   Data           4  gpu_spi_flash_cfg.o(.data)
    gUart1RecBuf                             0x20000670   Data         640  dbg_uart.o(.bss)
    CURR_ARRAY                               0x200008f0   Data         400  gpu_cfg.o(.bss)
    BMPInfo                                  0x20000a80   Data          80  fat32sys_forfastfiforead.o(.bss)
    SD_Buf                                   0x20000ad0   Data        4096  fat32sys_forfastfiforead.o(.bss)
    gUart1SentBuf                            0x20001ad0   Data         640  gpu_spi_flash_cfg.o(.bss)
    _random_number_data                      0x20001d50   Data         228  rand.o(.bss)
    __libspace_start                         0x20001e34   Data          96  libspace.o(.bss)
    __temporary_stack_top$libspace           0x20001e94   Data           0  libspace.o(.bss)



==============================================================================

Memory Map of the image

  Image Entry point : 0x08000131

  Load Region LR_IROM1 (Base: 0x08000000, Size: 0x000134f8, Max: 0x00040000, ABSOLUTE, COMPRESSED[0x000131ac])

    Execution Region ER_IROM1 (Base: 0x08000000, Size: 0x00012e88, Max: 0x00040000, ABSOLUTE)

    Base Addr    Size         Type   Attr      Idx    E Section Name        Object

    0x08000000   0x00000130   Data   RO           66    RESET               startup_stm32f10x_hd.o
    0x08000130   0x00000008   Code   RO         4202  * !!!main             c_w.l(__main.o)
    0x08000138   0x00000034   Code   RO         4386    !!!scatter          c_w.l(__scatter.o)
    0x0800016c   0x0000005a   Code   RO         4384    !!dczerorl2         c_w.l(__dczerorl2.o)
    0x080001c6   0x00000002   PAD
    0x080001c8   0x0000001c   Code   RO         4388    !!handler_zi        c_w.l(__scatter_zi.o)
    0x080001e4   0x00000000   Code   RO         4194    .ARM.Collect$$_printf_percent$$00000000  c_w.l(_printf_percent.o)
    0x080001e4   0x00000006   Code   RO         4193    .ARM.Collect$$_printf_percent$$00000009  c_w.l(_printf_d.o)
    0x080001ea   0x00000006   Code   RO         4192    .ARM.Collect$$_printf_percent$$0000000C  c_w.l(_printf_x.o)
    0x080001f0   0x00000004   Code   RO         4223    .ARM.Collect$$_printf_percent$$00000017  c_w.l(_printf_percent_end.o)
    0x080001f4   0x00000002   Code   RO         4312    .ARM.Collect$$libinit$$00000000  c_w.l(libinit.o)
    0x080001f6   0x00000000   Code   RO         4225    .ARM.Collect$$libinit$$00000002  c_w.l(libinit2.o)
    0x080001f6   0x00000000   Code   RO         4228    .ARM.Collect$$libinit$$00000008  c_w.l(libinit2.o)
    0x080001f6   0x00000000   Code   RO         4230    .ARM.Collect$$libinit$$0000000A  c_w.l(libinit2.o)
    0x080001f6   0x00000004   Code   RO         4231    .ARM.Collect$$libinit$$0000000B  c_w.l(libinit2.o)
    0x080001fa   0x00000000   Code   RO         4232    .ARM.Collect$$libinit$$0000000C  c_w.l(libinit2.o)
    0x080001fa   0x00000000   Code   RO         4235    .ARM.Collect$$libinit$$0000000F  c_w.l(libinit2.o)
    0x080001fa   0x00000000   Code   RO         4237    .ARM.Collect$$libinit$$00000011  c_w.l(libinit2.o)
    0x080001fa   0x00000000   Code   RO         4239    .ARM.Collect$$libinit$$00000013  c_w.l(libinit2.o)
    0x080001fa   0x00000000   Code   RO         4241    .ARM.Collect$$libinit$$00000015  c_w.l(libinit2.o)
    0x080001fa   0x00000000   Code   RO         4243    .ARM.Collect$$libinit$$00000017  c_w.l(libinit2.o)
    0x080001fa   0x00000000   Code   RO         4245    .ARM.Collect$$libinit$$00000019  c_w.l(libinit2.o)
    0x080001fa   0x00000000   Code   RO         4247    .ARM.Collect$$libinit$$0000001B  c_w.l(libinit2.o)
    0x080001fa   0x00000000   Code   RO         4249    .ARM.Collect$$libinit$$0000001D  c_w.l(libinit2.o)
    0x080001fa   0x00000000   Code   RO         4251    .ARM.Collect$$libinit$$0000001F  c_w.l(libinit2.o)
    0x080001fa   0x00000000   Code   RO         4253    .ARM.Collect$$libinit$$00000021  c_w.l(libinit2.o)
    0x080001fa   0x00000000   Code   RO         4255    .ARM.Collect$$libinit$$00000023  c_w.l(libinit2.o)
    0x080001fa   0x00000000   Code   RO         4259    .ARM.Collect$$libinit$$0000002A  c_w.l(libinit2.o)
    0x080001fa   0x00000000   Code   RO         4261    .ARM.Collect$$libinit$$0000002C  c_w.l(libinit2.o)
    0x080001fa   0x00000000   Code   RO         4263    .ARM.Collect$$libinit$$0000002E  c_w.l(libinit2.o)
    0x080001fa   0x00000000   Code   RO         4265    .ARM.Collect$$libinit$$00000030  c_w.l(libinit2.o)
    0x080001fa   0x00000002   Code   RO         4266    .ARM.Collect$$libinit$$00000031  c_w.l(libinit2.o)
    0x080001fc   0x00000002   Code   RO         4346    .ARM.Collect$$libshutdown$$00000000  c_w.l(libshutdown.o)
    0x080001fe   0x00000000   Code   RO         4353    .ARM.Collect$$libshutdown$$00000003  c_w.l(libshutdown2.o)
    0x080001fe   0x00000000   Code   RO         4356    .ARM.Collect$$libshutdown$$00000006  c_w.l(libshutdown2.o)
    0x080001fe   0x00000000   Code   RO         4359    .ARM.Collect$$libshutdown$$00000009  c_w.l(libshutdown2.o)
    0x080001fe   0x00000000   Code   RO         4361    .ARM.Collect$$libshutdown$$0000000B  c_w.l(libshutdown2.o)
    0x080001fe   0x00000000   Code   RO         4364    .ARM.Collect$$libshutdown$$0000000E  c_w.l(libshutdown2.o)
    0x080001fe   0x00000002   Code   RO         4365    .ARM.Collect$$libshutdown$$0000000F  c_w.l(libshutdown2.o)
    0x08000200   0x00000000   Code   RO         4218    .ARM.Collect$$rtentry$$00000000  c_w.l(rtentry.o)
    0x08000200   0x00000000   Code   RO         4273    .ARM.Collect$$rtentry$$00000002  c_w.l(rtentry2.o)
    0x08000200   0x00000006   Code   RO         4285    .ARM.Collect$$rtentry$$00000004  c_w.l(rtentry4.o)
    0x08000206   0x00000000   Code   RO         4275    .ARM.Collect$$rtentry$$00000009  c_w.l(rtentry2.o)
    0x08000206   0x00000004   Code   RO         4276    .ARM.Collect$$rtentry$$0000000A  c_w.l(rtentry2.o)
    0x0800020a   0x00000000   Code   RO         4278    .ARM.Collect$$rtentry$$0000000C  c_w.l(rtentry2.o)
    0x0800020a   0x00000008   Code   RO         4279    .ARM.Collect$$rtentry$$0000000D  c_w.l(rtentry2.o)
    0x08000212   0x00000002   Code   RO         4318    .ARM.Collect$$rtexit$$00000000  c_w.l(rtexit.o)
    0x08000214   0x00000000   Code   RO         4328    .ARM.Collect$$rtexit$$00000002  c_w.l(rtexit2.o)
    0x08000214   0x00000004   Code   RO         4329    .ARM.Collect$$rtexit$$00000003  c_w.l(rtexit2.o)
    0x08000218   0x00000006   Code   RO         4330    .ARM.Collect$$rtexit$$00000004  c_w.l(rtexit2.o)
    0x0800021e   0x00000002   PAD
    0x08000220   0x00000034   Code   RO         4195    .emb_text           c_w.l(rand.o)
    0x08000254   0x00000040   Code   RO           67    .text               startup_stm32f10x_hd.o
    0x08000294   0x00000002   Code   RO         4141    .text               c_w.l(use_no_semi_2.o)
    0x08000296   0x00000002   PAD
    0x08000298   0x00000018   Code   RO         4145    .text               c_w.l(noretval__2printf.o)
    0x080002b0   0x00000068   Code   RO         4147    .text               c_w.l(__printf.o)
    0x08000318   0x00000078   Code   RO         4149    .text               c_w.l(_printf_dec.o)
    0x08000390   0x0000005c   Code   RO         4154    .text               c_w.l(_printf_hex_int.o)
    0x080003ec   0x0000003c   Code   RO         4196    .text               c_w.l(rand.o)
    0x08000428   0x00000006   Code   RO         4200    .text               c_w.l(heapauxi.o)
    0x0800042e   0x00000002   Code   RO         4216    .text               c_w.l(use_no_semi.o)
    0x08000430   0x000000b8   Code   RO         4219    .text               c_w.l(_printf_intcommon.o)
    0x080004e8   0x00000024   Code   RO         4221    .text               c_w.l(_printf_char_file.o)
    0x0800050c   0x00000030   Code   RO         4287    .text               c_w.l(_printf_char_common.o)
    0x0800053c   0x00000008   Code   RO         4289    .text               c_w.l(ferror.o)
    0x08000544   0x0000004a   Code   RO         4297    .text               c_w.l(sys_stackheap_outer.o)
    0x0800058e   0x0000000c   Code   RO         4301    .text               c_w.l(exit.o)
    0x0800059a   0x00000002   PAD
    0x0800059c   0x00000008   Code   RO         4315    .text               c_w.l(libspace.o)
    0x080005a4   0x0000005a   Code   RO         2867    i.Address_set       lcd240x320.o
    0x080005fe   0x00000002   PAD
    0x08000600   0x00000180   Code   RO         3750    i.Arm_Connect_Mcu   GpuSpiFlsCfg_AndBoardInf.lib(boardandcoreinf.o)
    0x08000780   0x0000014c   Code   RO         3751    i.Arm_Get_Current   GpuSpiFlsCfg_AndBoardInf.lib(boardandcoreinf.o)
    0x080008cc   0x00000062   Code   RO         3752    i.Arm_Set_BZ        GpuSpiFlsCfg_AndBoardInf.lib(boardandcoreinf.o)
    0x0800092e   0x00000002   PAD
    0x08000930   0x00000054   Code   RO         2538    i.DBG_UART_Init     dbg_uart.o
    0x08000984   0x00000014   Code   RO         2539    i.DBG_UART_TxChar   dbg_uart.o
    0x08000998   0x00000056   Code   RO         2868    i.DISP_WINDOWS      lcd240x320.o
    0x080009ee   0x00000004   Code   RO         2251    i.Delay             pport_spi.o
    0x080009f2   0x00000004   Code   RO         2252    i.Delay_ms          pport_spi.o
    0x080009f6   0x00000002   PAD
    0x080009f8   0x0000001c   Code   RO         1982    i.DisableEBindingPin_OutputDriving  user_gpio_def.o
    0x08000a14   0x0000001c   Code   RO         1983    i.DisableGPU_SPI_FLASH_OutputDriving  user_gpio_def.o
    0x08000a30   0x00000080   Code   RO         2869    i.DispHexChar       lcd240x320.o
    0x08000ab0   0x00000076   Code   RO         2870    i.DispNumber        lcd240x320.o
    0x08000b26   0x00000002   PAD
    0x08000b28   0x00000098   Code   RO         2871    i.Disp_Frame        lcd240x320.o
    0x08000bc0   0x00000042   Code   RO         2872    i.Disp_Window       lcd240x320.o
    0x08000c02   0x00000002   PAD
    0x08000c04   0x000000c0   Code   RO         3628    i.DisplayBMP        fat32sys_forfastfiforead.o
    0x08000cc4   0x00000024   Code   RO         3313    i.EXTI9_5_IRQHandler  externalintwithgpu.o
    0x08000ce8   0x0000000c   Code   RO         1355    i.EXTI_ClearITPendingBit  stm32f10x_exti.o
    0x08000cf4   0x0000002e   Code   RO         3314    i.EXTI_GPIO_Init    externalintwithgpu.o
    0x08000d22   0x00000002   PAD
    0x08000d24   0x00000020   Code   RO         1359    i.EXTI_GetITStatus  stm32f10x_exti.o
    0x08000d44   0x00000070   Code   RO         1360    i.EXTI_Init         stm32f10x_exti.o
    0x08000db4   0x00000020   Code   RO         1984    i.EnableEBindingPin_OutputDriving  user_gpio_def.o
    0x08000dd4   0x0000003c   Code   RO         1985    i.EnableGPU_SPI_FLASH_OutputDriving  user_gpio_def.o
    0x08000e10   0x00000100   Code   RO         3629    i.ExtractBPB_Param  fat32sys_forfastfiforead.o
    0x08000f10   0x00000020   Code   RO         1230    i.FSMC_NORSRAMCmd   stm32f10x_fsmc.o
    0x08000f30   0x000000c0   Code   RO         1232    i.FSMC_NORSRAMInit  stm32f10x_fsmc.o
    0x08000ff0   0x00000084   Code   RO         3630    i.FindALLBMP_Entry  fat32sys_forfastfiforead.o
    0x08001074   0x000001c0   Code   RO         1988    i.GPIO_Configuration  user_gpio_def.o
    0x08001234   0x00000028   Code   RO          132    i.GPIO_EXTILineConfig  stm32f10x_gpio.o
    0x0800125c   0x0000009e   Code   RO          135    i.GPIO_Init         stm32f10x_gpio.o
    0x080012fa   0x00000002   PAD
    0x080012fc   0x00000058   Code   RO          137    i.GPIO_PinRemapConfig  stm32f10x_gpio.o
    0x08001354   0x0000000e   Code   RO          139    i.GPIO_ReadInputDataBit  stm32f10x_gpio.o
    0x08001362   0x00000004   Code   RO          142    i.GPIO_ResetBits    stm32f10x_gpio.o
    0x08001366   0x00000004   Code   RO          143    i.GPIO_SetBits      stm32f10x_gpio.o
    0x0800136a   0x0000000a   Code   RO          146    i.GPIO_WriteBit     stm32f10x_gpio.o
    0x08001374   0x00000020   Code   RO         3105    i.GPU_Connection_Check  gpu_cfg.o
    0x08001394   0x00000024   Code   RO         3106    i.GPU_LogicWorkStatus  gpu_cfg.o
    0x080013b8   0x00000068   Code   RO         3926    i.GPU_SPI_Config_Process  GpuSpiFlsCfg_AndBoardInf.lib(gpu_spi_flash_cfg.o)
    0x08001420   0x0000000e   Code   RO         3107    i.GPU_set_PLL_factor  gpu_cfg.o
    0x0800142e   0x00000022   Code   RO         2253    i.GP_COMMAD_PA      pport_spi.o
    0x08001450   0x00000020   Code   RO         3108    i.Get_GPU_DateTime  gpu_cfg.o
    0x08001470   0x00000020   Code   RO         3109    i.Get_GPU_Version   gpu_cfg.o
    0x08001490   0x00000008   Code   RO         3753    i.Get_Sys_Curr      GpuSpiFlsCfg_AndBoardInf.lib(boardandcoreinf.o)
    0x08001498   0x00000008   Code   RO         3754    i.Get_Sys_ID        GpuSpiFlsCfg_AndBoardInf.lib(boardandcoreinf.o)
    0x080014a0   0x00000038   Code   RO         3927    i.GpuSpiFlash_SectorErase  GpuSpiFlsCfg_AndBoardInf.lib(gpu_spi_flash_cfg.o)
    0x080014d8   0x000000fc   Code   RO         3110    i.Gpu_DisplayCfg    gpu_cfg.o
    0x080015d4   0x0000000c   Code   RO         1989    i.I_GPU_StartUpBoot_Done  user_gpio_def.o
    0x080015e0   0x00000010   Code   RO         1992    i.I_SSD2828_SPI_SDO  user_gpio_def.o
    0x080015f0   0x00000004   Code   RO         2216    i.Init_IO           app.o
    0x080015f4   0x00000078   Code   RO         3755    i.Init_System       GpuSpiFlsCfg_AndBoardInf.lib(boardandcoreinf.o)
    0x0800166c   0x0000014e   Code   RO         2597    i.Initial_LCM_1080x1920_TianJi2  lcd_cfg_1080x1920_tianji2.o
    0x080017ba   0x00000002   PAD
    0x080017bc   0x00000044   Code   RO         1819    i.KeyAuto_Process   main.o
    0x08001800   0x00000070   Code   RO         1820    i.KeyDown_Process   main.o
    0x08001870   0x00000024   Code   RO         1821    i.KeyOTP_Process    main.o
    0x08001894   0x0000006c   Code   RO         1822    i.KeyUp_Process     main.o
    0x08001900   0x0000003e   Code   RO         2874    i.LCD_Clear         lcd240x320.o
    0x0800193e   0x00000002   PAD
    0x08001940   0x00000050   Code   RO         2875    i.LCD_CtrlWrite     lcd240x320.o
    0x08001990   0x00000050   Code   RO         2876    i.LCD_DataWrite     lcd240x320.o
    0x080019e0   0x00000016   Code   RO         2878    i.LCD_DrawPoint     lcd240x320.o
    0x080019f6   0x00000002   PAD
    0x080019f8   0x0000005c   Code   RO         2882    i.LCD_Logo_Disp     lcd240x320.o
    0x08001a54   0x000000b8   Code   RO         2884    i.LCD_ShowChar      lcd240x320.o
    0x08001b0c   0x0000004c   Code   RO         2888    i.LCD_ShowString    lcd240x320.o
    0x08001b58   0x00000016   Code   RO         2889    i.LCD_WR_DATA       lcd240x320.o
    0x08001b6e   0x00000002   PAD
    0x08001b70   0x00000088   Code   RO         2893    i.LCD_Write         lcd240x320.o
    0x08001bf8   0x0000022c   Code   RO         2894    i.Lcd240x320_Init   lcd240x320.o
    0x08001e24   0x00000564   Code   RO         2217    i.Lcd_ShowMode      app.o
    0x08002388   0x000000c0   Code   RO         2255    i.LoadLcdParameterConfig  pport_spi.o
    0x08002448   0x0000000e   Code   RO         4035    i.M25P80_Busy       GpuSpiFlsCfg_AndBoardInf.lib(m25p80.o)
    0x08002456   0x00000002   PAD
    0x08002458   0x0000002c   Code   RO         4036    i.M25P80_CLOSE      GpuSpiFlsCfg_AndBoardInf.lib(m25p80.o)
    0x08002484   0x0000001a   Code   RO         4037    i.M25P80_CMD1B      GpuSpiFlsCfg_AndBoardInf.lib(m25p80.o)
    0x0800249e   0x00000022   Code   RO         4038    i.M25P80_CMD1B_READ1B  GpuSpiFlsCfg_AndBoardInf.lib(m25p80.o)
    0x080024c0   0x00000022   Code   RO         4039    i.M25P80_CMD1B_S1B  GpuSpiFlsCfg_AndBoardInf.lib(m25p80.o)
    0x080024e2   0x00000002   PAD
    0x080024e4   0x00000080   Code   RO         4040    i.M25P80_OPEN       GpuSpiFlsCfg_AndBoardInf.lib(m25p80.o)
    0x08002564   0x00000044   Code   RO         4043    i.M25P80_Section_Erase  GpuSpiFlsCfg_AndBoardInf.lib(m25p80.o)
    0x080025a8   0x0000001c   Code   RO         4044    i.M25P80_WP_En      GpuSpiFlsCfg_AndBoardInf.lib(m25p80.o)
    0x080025c4   0x00000060   Code   RO         4046    i.M25P80_Write_Bytes  GpuSpiFlsCfg_AndBoardInf.lib(m25p80.o)
    0x08002624   0x0000001c   Code   RO         4047    i.M25P80_Write_En   GpuSpiFlsCfg_AndBoardInf.lib(m25p80.o)
    0x08002640   0x00000054   Code   RO         3069    i.MCU_GPU_FSMCConfig  mcu_gpu_fsmc.o
    0x08002694   0x00000072   Code   RO         2396    i.NVIC_Configuration  timer.o
    0x08002706   0x00000002   PAD
    0x08002708   0x00000064   Code   RO           74    i.NVIC_Init         misc.o
    0x0800276c   0x00000014   Code   RO           75    i.NVIC_PriorityGroupConfig  misc.o
    0x08002780   0x00000018   Code   RO         1999    i.O_GPU_StartUpBoot_ResetN  user_gpio_def.o
    0x08002798   0x00000018   Code   RO         2000    i.O_LCD240x320_CS   user_gpio_def.o
    0x080027b0   0x00000018   Code   RO         2001    i.O_LCD240x320_REST  user_gpio_def.o
    0x080027c8   0x00000018   Code   RO         2002    i.O_LCD240x320_SCK  user_gpio_def.o
    0x080027e0   0x00000018   Code   RO         2003    i.O_LCD240x320_SDI  user_gpio_def.o
    0x080027f8   0x00000018   Code   RO         2005    i.O_M25P80_SPI_CSN  user_gpio_def.o
    0x08002810   0x00000020   Code   RO         3121    i.O_PWR_BL_EN       gpu_cfg.o
    0x08002830   0x00000018   Code   RO         2008    i.O_PWR_BL_PWM      user_gpio_def.o
    0x08002848   0x00000018   Code   RO         2009    i.O_PWR_EN_LCDIOVCC  user_gpio_def.o
    0x08002860   0x00000018   Code   RO         2010    i.O_PWR_EN_LCDVCC   user_gpio_def.o
    0x08002878   0x00000020   Code   RO         3122    i.O_PWR_EN_VSN      gpu_cfg.o
    0x08002898   0x00000020   Code   RO         3123    i.O_PWR_EN_VSP      gpu_cfg.o
    0x080028b8   0x00000018   Code   RO         2012    i.O_SSD2828_RESET   user_gpio_def.o
    0x080028d0   0x00000018   Code   RO         2013    i.O_SSD2828_SPI_CLK  user_gpio_def.o
    0x080028e8   0x00000018   Code   RO         2014    i.O_SSD2828_SPI_CS  user_gpio_def.o
    0x08002900   0x00000018   Code   RO         2015    i.O_SSD2828_SPI_SDI  user_gpio_def.o
    0x08002918   0x00000028   Code   RO         1823    i.PowerOff_Process  main.o
    0x08002940   0x00000028   Code   RO         1824    i.PowerOn_Process   main.o
    0x08002968   0x0000005c   Code   RO         2675    i.Power_Off         power_task.o
    0x080029c4   0x00000098   Code   RO         2676    i.Power_On          power_task.o
    0x08002a5c   0x00000014   Code   RO          261    i.RCC_ADCCLKConfig  stm32f10x_rcc.o
    0x08002a70   0x00000018   Code   RO          262    i.RCC_AHBPeriphClockCmd  stm32f10x_rcc.o
    0x08002a88   0x00000018   Code   RO          263    i.RCC_APB1PeriphClockCmd  stm32f10x_rcc.o
    0x08002aa0   0x00000018   Code   RO          264    i.RCC_APB1PeriphResetCmd  stm32f10x_rcc.o
    0x08002ab8   0x00000018   Code   RO          265    i.RCC_APB2PeriphClockCmd  stm32f10x_rcc.o
    0x08002ad0   0x00000018   Code   RO          266    i.RCC_APB2PeriphResetCmd  stm32f10x_rcc.o
    0x08002ae8   0x00000028   Code   RO         2017    i.RCC_Configuration  user_gpio_def.o
    0x08002b10   0x000000a0   Code   RO          273    i.RCC_GetClocksFreq  stm32f10x_rcc.o
    0x08002bb0   0x00000004   Code   RO         2257    i.Reset             pport_spi.o
    0x08002bb4   0x00000040   Code   RO         3928    i.Respond           GpuSpiFlsCfg_AndBoardInf.lib(gpu_spi_flash_cfg.o)
    0x08002bf4   0x00000110   Code   RO         3541    i.SD_IP_Card_Init   sd.o
    0x08002d04   0x00000018   Code   RO         3542    i.SD_IP_Config_Init  sd.o
    0x08002d1c   0x00000068   Code   RO         3543    i.SD_IP_Send_Cmd_Has_Data  sd.o
    0x08002d84   0x0000003c   Code   RO         3544    i.SD_IP_Send_Cmd_Non_Data  sd.o
    0x08002dc0   0x0000001c   Code   RO         3545    i.SD_IP_Wait_Clock_Change_Done  sd.o
    0x08002ddc   0x0000002c   Code   RO         3546    i.SD_IP_Wait_Cmd_Done  sd.o
    0x08002e08   0x0000001c   Code   RO         3547    i.SD_IP_Wait_Data_Done  sd.o
    0x08002e24   0x0000001c   Code   RO         3548    i.SD_IP_Wait_Status_Reg_Clear_Done  sd.o
    0x08002e40   0x000000ac   Code   RO         3549    i.SD_ReadDisk       sd.o
    0x08002eec   0x00000030   Code   RO         3550    i.SD_ReadDisk_to_FIFO  sd.o
    0x08002f1c   0x0000001a   Code   RO         2258    i.SPI_2828_WrReg    pport_spi.o
    0x08002f36   0x00000052   Code   RO         2259    i.SPI_3W_SET_Cmd    pport_spi.o
    0x08002f88   0x00000052   Code   RO         2260    i.SPI_3W_SET_PAs    pport_spi.o
    0x08002fda   0x00000014   Code   RO         1665    i.SPI_Cmd           stm32f10x_spi.o
    0x08002fee   0x00000002   PAD
    0x08002ff0   0x00000018   Code   RO         4048    i.SPI_FLASH_SendByte  GpuSpiFlsCfg_AndBoardInf.lib(m25p80.o)
    0x08003008   0x000002a0   Code   RO         4006    i.SPI_Flash_EncryptBinding_Process  GpuSpiFlsCfg_AndBoardInf.lib(spi_flash_bindingencrypt.o)
    0x080032a8   0x00000038   Code   RO         1678    i.SPI_Init          stm32f10x_spi.o
    0x080032e0   0x00000040   Code   RO         2261    i.SPI_ReadData      pport_spi.o
    0x08003320   0x00000004   Code   RO         2262    i.SPI_WriteCmd      pport_spi.o
    0x08003324   0x00000004   Code   RO         2263    i.SPI_WriteData     pport_spi.o
    0x08003328   0x00000004   Code   RO         2266    i.SSD2828_WritePackageSize  pport_spi.o
    0x0800332c   0x000000a8   Code   RO            4    i.SetSysClockTo72   system_stm32f10x.o
    0x080033d4   0x000000bc   Code   RO         3124    i.Show_Curr         gpu_cfg.o
    0x08003490   0x00000032   Code   RO         2267    i.Ssd2828_ID_OK_check  pport_spi.o
    0x080034c2   0x00000002   PAD
    0x080034c4   0x00000044   Code   RO         1825    i.SysInitErrorProcess  main.o
    0x08003508   0x0000001a   Code   RO         3756    i.Sys_Beep          GpuSpiFlsCfg_AndBoardInf.lib(boardandcoreinf.o)
    0x08003522   0x00000002   PAD
    0x08003524   0x00000050   Code   RO            6    i.SystemInit        system_stm32f10x.o
    0x08003574   0x000000cc   Code   RO         2397    i.TIM2_IRQHandler   timer.o
    0x08003640   0x00000024   Code   RO         2398    i.TIM3_IRQHandler   timer.o
    0x08003664   0x00000080   Code   RO         2399    i.TIM8_PWM_Configuration  timer.o
    0x080036e4   0x00000006   Code   RO          484    i.TIM_ClearFlag     stm32f10x_tim.o
    0x080036ea   0x00000006   Code   RO          485    i.TIM_ClearITPendingBit  stm32f10x_tim.o
    0x080036f0   0x00000014   Code   RO          490    i.TIM_Cmd           stm32f10x_tim.o
    0x08003704   0x00000016   Code   RO          492    i.TIM_CtrlPWMOutputs  stm32f10x_tim.o
    0x0800371a   0x00000002   PAD
    0x0800371c   0x00000170   Code   RO          495    i.TIM_DeInit        stm32f10x_tim.o
    0x0800388c   0x00000018   Code   RO          511    i.TIM_GetITStatus   stm32f10x_tim.o
    0x080038a4   0x00000010   Code   RO          515    i.TIM_ITConfig      stm32f10x_tim.o
    0x080038b4   0x00000080   Code   RO          524    i.TIM_OC2Init       stm32f10x_tim.o
    0x08003934   0x00000014   Code   RO          527    i.TIM_OC2PreloadConfig  stm32f10x_tim.o
    0x08003948   0x0000009c   Code   RO          561    i.TIM_TimeBaseInit  stm32f10x_tim.o
    0x080039e4   0x00000058   Code   RO         2400    i.Timer2_Configuration  timer.o
    0x08003a3c   0x00000008   Code   RO         2401    i.Timer2_Enable     timer.o
    0x08003a44   0x0000004c   Code   RO         2402    i.Timer3_Configuration  timer.o
    0x08003a90   0x0000000c   Code   RO         2403    i.Timer3_Enable     timer.o
    0x08003a9c   0x00000028   Code   RO         2540    i.USART1_IRQHandler  dbg_uart.o
    0x08003ac4   0x00000006   Code   RO         1024    i.USART_ClearFlag   stm32f10x_usart.o
    0x08003aca   0x0000001e   Code   RO         1026    i.USART_ClockInit   stm32f10x_usart.o
    0x08003ae8   0x0000000c   Code   RO         1027    i.USART_ClockStructInit  stm32f10x_usart.o
    0x08003af4   0x00000014   Code   RO         1028    i.USART_Cmd         stm32f10x_usart.o
    0x08003b08   0x00000030   Code   RO         1034    i.USART_ITConfig    stm32f10x_usart.o
    0x08003b38   0x000000b4   Code   RO         1035    i.USART_Init        stm32f10x_usart.o
    0x08003bec   0x00000084   Code   RO         2541    i.Uart1RecProc      dbg_uart.o
    0x08003c70   0x0000001a   Code   RO         2542    i.Uart1SendBuffer   dbg_uart.o
    0x08003c8a   0x00000002   PAD
    0x08003c8c   0x00000024   Code   RO         2768    i.VSPN_I2C_Init     i2c.o
    0x08003cb0   0x00000040   Code   RO         2771    i.VSPN_I2C_Start    i2c.o
    0x08003cf0   0x00000040   Code   RO         2772    i.VSPN_I2C_Stop     i2c.o
    0x08003d30   0x00000054   Code   RO         2773    i.VSPN_I2C_TestAck  i2c.o
    0x08003d84   0x00000054   Code   RO         2774    i.VSPN_I2C_Write8Bit  i2c.o
    0x08003dd8   0x00000016   Code   RO         2709    i.VSPN_OutOn        vspn_ctrl.o
    0x08003dee   0x00000028   Code   RO         2711    i.VSPN_SetVSNVoltage  vspn_ctrl.o
    0x08003e16   0x00000028   Code   RO         2712    i.VSPN_SetVSPVoltage  vspn_ctrl.o
    0x08003e3e   0x00000032   Code   RO         2713    i.VSPN_WriteReg     vspn_ctrl.o
    0x08003e70   0x00000018   Code   RO         3929    i.Xor               GpuSpiFlsCfg_AndBoardInf.lib(gpu_spi_flash_cfg.o)
    0x08003e88   0x00000002   Code   RO         2510    i._sys_exit         redef_print.o
    0x08003e8a   0x0000001e   Code   RO         2476    i.delayms           tools.o
    0x08003ea8   0x0000001e   Code   RO         2477    i.delayus           tools.o
    0x08003ec6   0x0000000e   Code   RO         2511    i.fputc             redef_print.o
    0x08003ed4   0x00000024   Code   RO         3668    i.gpu_pll_count_calc  gpu_pll_reconfig.lib(pll_drp_func.o)
    0x08003ef8   0x00000090   Code   RO         3669    i.gpu_pll_divider   gpu_pll_reconfig.lib(pll_drp_func.o)
    0x08003f88   0x00000198   Code   RO         3670    i.gpu_pll_filter_lookup  gpu_pll_reconfig.lib(pll_drp_func.o)
    0x08004120   0x000001a8   Code   RO         3671    i.gpu_pll_lock_lookup  gpu_pll_reconfig.lib(pll_drp_func.o)
    0x080042c8   0x00000084   Code   RO         3672    i.gpu_pll_phase     gpu_pll_reconfig.lib(pll_drp_func.o)
    0x0800434c   0x000000c8   Code   RO         3673    i.gpu_reconfig_pll  gpu_pll_reconfig.lib(pll_drp_func.o)
    0x08004414   0x00000016   Code   RO         3674    i.gpu_round_frac    gpu_pll_reconfig.lib(pll_drp_func.o)
    0x0800442a   0x00000018   Code   RO         2269    i.init_spi          pport_spi.o
    0x08004442   0x00000044   Code   RO         3757    i.lib_Asccii_2_Hex  GpuSpiFlsCfg_AndBoardInf.lib(boardandcoreinf.o)
    0x08004486   0x0000000c   Code   RO         3758    i.lib_Delay         GpuSpiFlsCfg_AndBoardInf.lib(boardandcoreinf.o)
    0x08004492   0x00000002   PAD
    0x08004494   0x00000028   Code   RO         3759    i.lib_GetCrcSum     GpuSpiFlsCfg_AndBoardInf.lib(boardandcoreinf.o)
    0x080044bc   0x0000000e   Code   RO         3760    i.lib_Hex_2_Ascii   GpuSpiFlsCfg_AndBoardInf.lib(boardandcoreinf.o)
    0x080044ca   0x00000002   PAD
    0x080044cc   0x00000010   Code   RO         3761    i.lib_SPI1_Get_MISO  GpuSpiFlsCfg_AndBoardInf.lib(boardandcoreinf.o)
    0x080044dc   0x00000024   Code   RO         3762    i.lib_SPI1_Init     GpuSpiFlsCfg_AndBoardInf.lib(boardandcoreinf.o)
    0x08004500   0x0000004c   Code   RO         3763    i.lib_SPI1_RW       GpuSpiFlsCfg_AndBoardInf.lib(boardandcoreinf.o)
    0x0800454c   0x00000018   Code   RO         3764    i.lib_SPI1_Set_CS   GpuSpiFlsCfg_AndBoardInf.lib(boardandcoreinf.o)
    0x08004564   0x00000018   Code   RO         3765    i.lib_SPI1_Set_MOSI  GpuSpiFlsCfg_AndBoardInf.lib(boardandcoreinf.o)
    0x0800457c   0x00000018   Code   RO         3766    i.lib_SPI1_Set_SCK  GpuSpiFlsCfg_AndBoardInf.lib(boardandcoreinf.o)
    0x08004594   0x0000013c   Code   RO         1826    i.main              main.o
    0x080046d0   0x0000001c   Code   RO         3930    i.opGpuSpiFlashProgramExit  GpuSpiFlsCfg_AndBoardInf.lib(gpu_spi_flash_cfg.o)
    0x080046ec   0x00000024   Code   RO         3931    i.opGpuSpiFlashSectorErase  GpuSpiFlsCfg_AndBoardInf.lib(gpu_spi_flash_cfg.o)
    0x08004710   0x00000034   Code   RO         3932    i.opProgammerPage   GpuSpiFlsCfg_AndBoardInf.lib(gpu_spi_flash_cfg.o)
    0x08004744   0x0000003c   Code   RO         3933    i.opSetBaudRate     GpuSpiFlsCfg_AndBoardInf.lib(gpu_spi_flash_cfg.o)
    0x08004780   0x0000019c   Code   RO         3355    i.op_Pattern4ColorBarGrayScaleH  gpu_cfg_pattern.o
    0x0800491c   0x00000238   Code   RO         3356    i.op_Pattern4ColorBarGrayScaleV  gpu_cfg_pattern.o
    0x08004b54   0x000000d8   Code   RO         3357    i.op_Pattern8ColorBarH_BBRGWCYM  gpu_cfg_pattern.o
    0x08004c2c   0x00000150   Code   RO         3358    i.op_Pattern8ColorBarV_BBRGWCYM  gpu_cfg_pattern.o
    0x08004d7c   0x00000250   Code   RO         3359    i.op_PatternChecker_BlackWhite  gpu_cfg_pattern.o
    0x08004fcc   0x00000130   Code   RO         3360    i.op_PatternColorOutline  gpu_cfg_pattern.o
    0x080050fc   0x00000178   Code   RO         3361    i.op_PatternCrosstalk_BlackWhite  gpu_cfg_pattern.o
    0x08005274   0x000000a8   Code   RO         3362    i.op_PatternFlickerColumnInversion  gpu_cfg_pattern.o
    0x0800531c   0x000000dc   Code   RO         3363    i.op_PatternFlickerOneDot  gpu_cfg_pattern.o
    0x080053f8   0x0000012c   Code   RO         3364    i.op_PatternGrayScaleH  gpu_cfg_pattern.o
    0x08005524   0x00000154   Code   RO         3365    i.op_PatternGrayScaleV  gpu_cfg_pattern.o
    0x08005678   0x00000098   Code   RO         3366    i.op_PatternPureColorThroughDDR  gpu_cfg_pattern.o
    0x08005710   0x00000164   Code   RO         1827    i.pat1              main.o
    0x08005874   0x00000038   Code   RO         3372    i.pattern_WriteLineBuf256Pixel  gpu_cfg_pattern.o
    0x080058ac   0x000000a0   Code   RO         3373    i.pattern_WriteLineOneDot  gpu_cfg_pattern.o
    0x0800594c   0x0000009c   Code   RO         3374    i.pattern_checker_buf  gpu_cfg_pattern.o
    0x080059e8   0x00000080   Code   RO         3375    i.pattern_crosstalk_buf  gpu_cfg_pattern.o
    0x08005a68   0x000000e8   Code   RO         3376    i.pattern_grayscale_buf  gpu_cfg_pattern.o
    0x08005b50   0x0000004c   Code   RO         3377    i.pattern_grayscale_wr_ddr  gpu_cfg_pattern.o
    0x08005b9c   0x000000b8   Code   RO         3378    i.pattern_h_8colorbar_buf  gpu_cfg_pattern.o
    0x08005c54   0x00000088   Code   RO         3379    i.pattern_h_grayscale_buf  gpu_cfg_pattern.o
    0x08005cdc   0x0000002a   Code   RO         2270    i.reset_lcd         pport_spi.o
    0x08005d06   0x00000002   PAD
    0x08005d08   0x000002a4   Code   RO         1828    i.start_pet         main.o
    0x08005fac   0x0000005e   Code   RO         4204    x$fpl$dfix          fz_ws.l(dfix.o)
    0x0800600a   0x0000002e   Code   RO         4209    x$fpl$dflt          fz_ws.l(dflt_clz.o)
    0x08006038   0x00000154   Code   RO         4214    x$fpl$dmul          fz_ws.l(dmul.o)
    0x0800618c   0x0000009c   Code   RO         4267    x$fpl$dnaninf       fz_ws.l(dnaninf.o)
    0x08006228   0x0000000c   Code   RO         4269    x$fpl$dretinf       fz_ws.l(dretinf.o)
    0x08006234   0x00000000   Code   RO         4271    x$fpl$usenofp       fz_ws.l(usenofp.o)
    0x08006234   0x0000000d   Data   RO         1829    .constdata          main.o
    0x08006241   0x00000003   PAD
    0x08006244   0x00000068   Data   RO         2495    .constdata          user_config.o
    0x080062ac   0x0000c4e0   Data   RO         2857    .constdata          logoarray.o
    0x0801278c   0x000004b3   Data   RO         3728    .constdata          GpuSpiFlsCfg_AndBoardInf.lib(pll_freq_def.o)
    0x08012c3f   0x00000001   PAD
    0x08012c40   0x00000200   Data   RO         3767    .constdata          GpuSpiFlsCfg_AndBoardInf.lib(boardandcoreinf.o)
    0x08012e40   0x00000028   Data   RO         4155    .constdata          c_w.l(_printf_hex_int.o)
    0x08012e68   0x00000020   Data   RO         4382    Region$$Table       anon$$obj.o


    Execution Region RW_IRAM1 (Base: 0x20000000, Size: 0x00002498, Max: 0x0000c000, ABSOLUTE, COMPRESSED[0x00000324])

    Base Addr    Size         Type   Attr      Idx    E Section Name        Object

    0x20000000   0x00000014   Data   RW          293    .data               stm32f10x_rcc.o
    0x20000014   0x00000014   Data   RW         1831    .data               main.o
    0x20000028   0x0000000e   Data   RW         2404    .data               timer.o
    0x20000036   0x00000002   PAD
    0x20000038   0x00000004   Data   RW         2496    .data               user_config.o
    0x2000003c   0x00000004   Data   RW         2512    .data               redef_print.o
    0x20000040   0x00000008   Data   RW         2544    .data               dbg_uart.o
    0x20000048   0x000005f0   Data   RW         2836    .data               font.o
    0x20000638   0x00000004   Data   RW         2896    .data               lcd240x320.o
    0x2000063c   0x00000008   Data   RW         3126    .data               gpu_cfg.o
    0x20000644   0x00000001   Data   RW         3315    .data               externalintwithgpu.o
    0x20000645   0x00000001   PAD
    0x20000646   0x00000004   Data   RW         3552    .data               sd.o
    0x2000064a   0x00000002   PAD
    0x2000064c   0x0000001c   Data   RW         3632    .data               fat32sys_forfastfiforead.o
    0x20000668   0x00000008   Data   RW         3935    .data               GpuSpiFlsCfg_AndBoardInf.lib(gpu_spi_flash_cfg.o)
    0x20000670   0x00000280   Zero   RW         2543    .bss                dbg_uart.o
    0x200008f0   0x00000190   Zero   RW         3125    .bss                gpu_cfg.o
    0x20000a80   0x00001050   Zero   RW         3631    .bss                fat32sys_forfastfiforead.o
    0x20001ad0   0x00000280   Zero   RW         3934    .bss                GpuSpiFlsCfg_AndBoardInf.lib(gpu_spi_flash_cfg.o)
    0x20001d50   0x000000e4   Zero   RW         4197    .bss                c_w.l(rand.o)
    0x20001e34   0x00000060   Zero   RW         4316    .bss                c_w.l(libspace.o)
    0x20001e94   0x00000004   PAD
    0x20001e98   0x00000200   Zero   RW           65    HEAP                startup_stm32f10x_hd.o
    0x20002098   0x00000400   Zero   RW           64    STACK               startup_stm32f10x_hd.o


==============================================================================

Image component sizes


      Code (inc. data)   RO Data    RW Data    ZI Data      Debug   Object Name

      1384        854          0          0          0       1341   app.o
       302         28          0          8        640       3354   dbg_uart.o
        82          6          0          1          0       1128   externalintwithgpu.o
       580        148          0         28       4176       3036   fat32sys_forfastfiforead.o
         0          0          0       1520          0        444   font.o
       682         78          0          8        400       6559   gpu_cfg.o
      5112        268          0          0          0      17603   gpu_cfg_pattern.o
       332         26          0          0          0       3001   i2c.o
      1950         42          0          4          0      10890   lcd240x320.o
       334          0          0          0          0     207769   lcd_cfg_1080x1920_tianji2.o
         0          0      50400          0          0        355   logoarray.o
      1820        624         13         20          0      15301   main.o
        84          0          0          0          0        545   mcu_gpu_fsmc.o
       120         20          0          0          0       3243   misc.o
       244         10          0          0          0        943   power_task.o
       620          8          0          0          0       7968   pport_spi.o
        16          0          0          4          0       2482   redef_print.o
       808         76          0          4          0       5644   sd.o
        64         26        304          0       1536        800   startup_stm32f10x_hd.o
       156         14          0          0          0       4364   stm32f10x_exti.o
       224          4          0          0          0       9865   stm32f10x_fsmc.o
       318         12          0          0          0      22384   stm32f10x_gpio.o
       300         56          0         20          0      15335   stm32f10x_rcc.o
        76          0          0          0          0       9101   stm32f10x_spi.o
       766        114          0          0          0      27652   stm32f10x_tim.o
       296          4          0          0          0      11142   stm32f10x_usart.o
       248         24          0          0          0     208953   system_stm32f10x.o
       666         62          0         14          0      26500   timer.o
        60          0          0          0          0        900   tools.o
         0          0        104          4          0       1636   user_config.o
       976        126          0          0          0       9756   user_gpio_def.o
       152          0          0          0          0       1831   vspn_ctrl.o

    ----------------------------------------------------------------------
     18804       2630      50856       1640       6752     641825   Object Totals
         0          0         32          0          0          0   (incl. Generated)
        32          0          3          5          0          0   (incl. Padding)

    ----------------------------------------------------------------------

      Code (inc. data)   RO Data    RW Data    ZI Data      Debug   Library Member Name

      1310         54        512          0          0     225840   boardandcoreinf.o
       424         52          0          8        640       5135   gpu_spi_flash_cfg.o
       524         14          0          0          0      13013   m25p80.o
         0          0       1203          0          0       1476   pll_freq_def.o
       672         10          0          0          0       1371   spi_flash_bindingencrypt.o
        90          0          0          0          0          0   __dczerorl2.o
         8          0          0          0          0         68   __main.o
       104          0          0          0          0         84   __printf.o
        52          8          0          0          0          0   __scatter.o
        28          0          0          0          0          0   __scatter_zi.o
        48          6          0          0          0         96   _printf_char_common.o
        36          4          0          0          0         80   _printf_char_file.o
         6          0          0          0          0          0   _printf_d.o
       120         18          0          0          0         92   _printf_dec.o
        92          4         40          0          0         88   _printf_hex_int.o
       184          0          0          0          0         88   _printf_intcommon.o
         0          0          0          0          0          0   _printf_percent.o
         4          0          0          0          0          0   _printf_percent_end.o
         6          0          0          0          0          0   _printf_x.o
        12          0          0          0          0         72   exit.o
         8          0          0          0          0         68   ferror.o
         6          0          0          0          0        152   heapauxi.o
         2          0          0          0          0          0   libinit.o
         6          0          0          0          0          0   libinit2.o
         2          0          0          0          0          0   libshutdown.o
         2          0          0          0          0          0   libshutdown2.o
         8          4          0          0         96         68   libspace.o
        24          4          0          0          0         84   noretval__2printf.o
       112         18          0          0        228        160   rand.o
         0          0          0          0          0          0   rtentry.o
        12          0          0          0          0          0   rtentry2.o
         6          0          0          0          0          0   rtentry4.o
         2          0          0          0          0          0   rtexit.o
        10          0          0          0          0          0   rtexit2.o
        74          0          0          0          0         80   sys_stackheap_outer.o
         2          0          0          0          0         68   use_no_semi.o
         2          0          0          0          0         68   use_no_semi_2.o
        94          4          0          0          0         92   dfix.o
        46          0          0          0          0         68   dflt_clz.o
       340         12          0          0          0        104   dmul.o
       156          4          0          0          0         92   dnaninf.o
        12          0          0          0          0         68   dretinf.o
         0          0          0          0          0          0   usenofp.o
      1366        538          0          0          0       6731   pll_drp_func.o

    ----------------------------------------------------------------------
      6032        754       1756          8        968     255406   Library Totals
        20          0          1          0          4          0   (incl. Padding)

    ----------------------------------------------------------------------

      Code (inc. data)   RO Data    RW Data    ZI Data      Debug   Library Name

      2930        130       1715          8        640     246835   GpuSpiFlsCfg_AndBoardInf.lib
      1068         66         40          0        324       1416   c_w.l
       648         20          0          0          0        424   fz_ws.l
      1366        538          0          0          0       6731   gpu_pll_reconfig.lib

    ----------------------------------------------------------------------
      6032        754       1756          8        968     255406   Library Totals

    ----------------------------------------------------------------------

==============================================================================


      Code (inc. data)   RO Data    RW Data    ZI Data      Debug   

     24836       3384      52612       1648       7720     884699   Grand Totals
     24836       3384      52612        804       7720     884699   ELF Image Totals (compressed)
     24836       3384      52612        804          0          0   ROM Totals

==============================================================================

    Total RO  Size (Code + RO Data)                77448 (  75.63kB)
    Total RW  Size (RW Data + ZI Data)              9368 (   9.15kB)
    Total ROM Size (Code + RO Data + RW Data)      78252 (  76.42kB)

==============================================================================

